Component: ARM Compiler 5.06 update 4 (build 422) Tool: armlink [4d35d2]

==============================================================================

Section Cross References

    stm32f10x_vector.o(RESET) refers to stm32f10x_vector.o(STACK) for __initial_sp
    stm32f10x_vector.o(RESET) refers to stm32f10x_vector.o(.text) for Reset_Handler
    stm32f10x_vector.o(RESET) refers to stm32f10x_it.o(i.NMIException) for NMIException
    stm32f10x_vector.o(RESET) refers to stm32f10x_it.o(i.HardFaultException) for HardFaultException
    stm32f10x_vector.o(RESET) refers to stm32f10x_it.o(i.MemManageException) for MemManageException
    stm32f10x_vector.o(RESET) refers to stm32f10x_it.o(i.BusFaultException) for BusFaultException
    stm32f10x_vector.o(RESET) refers to stm32f10x_it.o(i.UsageFaultException) for UsageFaultException
    stm32f10x_vector.o(RESET) refers to stm32f10x_it.o(i.SVCHandler) for SVCHandler
    stm32f10x_vector.o(RESET) refers to stm32f10x_it.o(i.DebugMonitor) for DebugMonitor
    stm32f10x_vector.o(RESET) refers to stm32f10x_it.o(i.PendSVC) for PendSVC
    stm32f10x_vector.o(RESET) refers to stm32f10x_it.o(i.SysTickHandler) for SysTickHandler
    stm32f10x_vector.o(RESET) refers to stm32f10x_it.o(i.WWDG_IRQHandler) for WWDG_IRQHandler
    stm32f10x_vector.o(RESET) refers to stm32f10x_it.o(i.PVD_IRQHandler) for PVD_IRQHandler
    stm32f10x_vector.o(RESET) refers to stm32f10x_it.o(i.TAMPER_IRQHandler) for TAMPER_IRQHandler
    stm32f10x_vector.o(RESET) refers to stm32f10x_it.o(i.RTC_IRQHandler) for RTC_IRQHandler
    stm32f10x_vector.o(RESET) refers to stm32f10x_it.o(i.FLASH_IRQHandler) for FLASH_IRQHandler
    stm32f10x_vector.o(RESET) refers to stm32f10x_it.o(i.RCC_IRQHandler) for RCC_IRQHandler
    stm32f10x_vector.o(RESET) refers to stm32f10x_it.o(i.EXTI0_IRQHandler) for EXTI0_IRQHandler
    stm32f10x_vector.o(RESET) refers to main.o(i.EXTI1_IRQHandler) for EXTI1_IRQHandler
    stm32f10x_vector.o(RESET) refers to stm32f10x_it.o(i.EXTI2_IRQHandler) for EXTI2_IRQHandler
    stm32f10x_vector.o(RESET) refers to stm32f10x_it.o(i.EXTI3_IRQHandler) for EXTI3_IRQHandler
    stm32f10x_vector.o(RESET) refers to stm32f10x_it.o(i.EXTI4_IRQHandler) for EXTI4_IRQHandler
    stm32f10x_vector.o(RESET) refers to stm32f10x_it.o(i.DMA1_Channel1_IRQHandler) for DMA1_Channel1_IRQHandler
    stm32f10x_vector.o(RESET) refers to stm32f10x_it.o(i.DMA1_Channel2_IRQHandler) for DMA1_Channel2_IRQHandler
    stm32f10x_vector.o(RESET) refers to stm32f10x_it.o(i.DMA1_Channel3_IRQHandler) for DMA1_Channel3_IRQHandler
    stm32f10x_vector.o(RESET) refers to stm32f10x_it.o(i.DMA1_Channel4_IRQHandler) for DMA1_Channel4_IRQHandler
    stm32f10x_vector.o(RESET) refers to stm32f10x_it.o(i.DMA1_Channel5_IRQHandler) for DMA1_Channel5_IRQHandler
    stm32f10x_vector.o(RESET) refers to stm32f10x_it.o(i.DMA1_Channel6_IRQHandler) for DMA1_Channel6_IRQHandler
    stm32f10x_vector.o(RESET) refers to stm32f10x_it.o(i.DMA1_Channel7_IRQHandler) for DMA1_Channel7_IRQHandler
    stm32f10x_vector.o(RESET) refers to stm32f10x_it.o(i.ADC1_2_IRQHandler) for ADC1_2_IRQHandler
    stm32f10x_vector.o(RESET) refers to stm32f10x_it.o(i.USB_HP_CAN_TX_IRQHandler) for USB_HP_CAN_TX_IRQHandler
    stm32f10x_vector.o(RESET) refers to stm32f10x_it.o(i.USB_LP_CAN_RX0_IRQHandler) for USB_LP_CAN_RX0_IRQHandler
    stm32f10x_vector.o(RESET) refers to stm32f10x_it.o(i.CAN_RX1_IRQHandler) for CAN_RX1_IRQHandler
    stm32f10x_vector.o(RESET) refers to stm32f10x_it.o(i.CAN_SCE_IRQHandler) for CAN_SCE_IRQHandler
    stm32f10x_vector.o(RESET) refers to main.o(i.EXTI9_5_IRQHandler) for EXTI9_5_IRQHandler
    stm32f10x_vector.o(RESET) refers to stm32f10x_it.o(i.TIM1_BRK_IRQHandler) for TIM1_BRK_IRQHandler
    stm32f10x_vector.o(RESET) refers to main.o(i.TIM1_UP_IRQHandler) for TIM1_UP_IRQHandler
    stm32f10x_vector.o(RESET) refers to stm32f10x_it.o(i.TIM1_TRG_COM_IRQHandler) for TIM1_TRG_COM_IRQHandler
    stm32f10x_vector.o(RESET) refers to stm32f10x_it.o(i.TIM1_CC_IRQHandler) for TIM1_CC_IRQHandler
    stm32f10x_vector.o(RESET) refers to stm32f10x_it.o(i.TIM2_IRQHandler) for TIM2_IRQHandler
    stm32f10x_vector.o(RESET) refers to stm32f10x_it.o(i.TIM3_IRQHandler) for TIM3_IRQHandler
    stm32f10x_vector.o(RESET) refers to stm32f10x_it.o(i.TIM4_IRQHandler) for TIM4_IRQHandler
    stm32f10x_vector.o(RESET) refers to stm32f10x_it.o(i.I2C1_EV_IRQHandler) for I2C1_EV_IRQHandler
    stm32f10x_vector.o(RESET) refers to stm32f10x_it.o(i.I2C1_ER_IRQHandler) for I2C1_ER_IRQHandler
    stm32f10x_vector.o(RESET) refers to stm32f10x_it.o(i.I2C2_EV_IRQHandler) for I2C2_EV_IRQHandler
    stm32f10x_vector.o(RESET) refers to stm32f10x_it.o(i.I2C2_ER_IRQHandler) for I2C2_ER_IRQHandler
    stm32f10x_vector.o(RESET) refers to stm32f10x_it.o(i.SPI1_IRQHandler) for SPI1_IRQHandler
    stm32f10x_vector.o(RESET) refers to stm32f10x_it.o(i.SPI2_IRQHandler) for SPI2_IRQHandler
[...]
    ../clib/microlib/init/entry.s            0x00000000   Number         0  entry9a.o ABSOLUTE
    ../clib/microlib/init/entry.s            0x00000000   Number         0  entry9b.o ABSOLUTE
    ../clib/microlib/init/entry.s            0x00000000   Number         0  entry10a.o ABSOLUTE
    ../clib/microlib/init/entry.s            0x00000000   Number         0  entry10b.o ABSOLUTE
    ../clib/microlib/init/entry.s            0x00000000   Number         0  entry11a.o ABSOLUTE
    ../clib/microlib/init/entry.s            0x00000000   Number         0  entry7a.o ABSOLUTE
    ../clib/microlib/init/entry.s            0x00000000   Number         0  entry11b.o ABSOLUTE
    ../clib/microlib/longlong.c              0x00000000   Number         0  llushr.o ABSOLUTE
    ../clib/microlib/longlong.c              0x00000000   Number         0  llshl.o ABSOLUTE
    ../clib/microlib/string/strlen.c         0x00000000   Number         0  strlen.o ABSOLUTE
    ../clib/microlib/string/strstr.c         0x00000000   Number         0  strstr.o ABSOLUTE
    ../clib/microlib/stubs.s                 0x00000000   Number         0  iusefp.o ABSOLUTE
    ../fplib/microlib/f2d.c                  0x00000000   Number         0  f2d.o ABSOLUTE
    ../fplib/microlib/fpdiv.c                0x00000000   Number         0  ddiv.o ABSOLUTE
    ../fplib/microlib/fpepilogue.c           0x00000000   Number         0  fepilogue.o ABSOLUTE
    ../fplib/microlib/fpepilogue.c           0x00000000   Number         0  depilogue.o ABSOLUTE
    ../fplib/microlib/fpfix.c                0x00000000   Number         0  dfixi.o ABSOLUTE
    ../fplib/microlib/fpfix.c                0x00000000   Number         0  dfixui.o ABSOLUTE
    ../fplib/microlib/fpflt.c                0x00000000   Number         0  dfltui.o ABSOLUTE
    ../fplib/microlib/fpflt.c                0x00000000   Number         0  fflti.o ABSOLUTE
    ../fplib/microlib/fpmul.c                0x00000000   Number         0  dmul.o ABSOLUTE
    Source\FWLib\src\stm32f10x_adc.c         0x00000000   Number         0  stm32f10x_adc.o ABSOLUTE
    Source\FWLib\src\stm32f10x_bkp.c         0x00000000   Number         0  stm32f10x_bkp.o ABSOLUTE
    Source\FWLib\src\stm32f10x_exti.c        0x00000000   Number         0  stm32f10x_exti.o ABSOLUTE
    Source\FWLib\src\stm32f10x_flash.c       0x00000000   Number         0  stm32f10x_flash.o ABSOLUTE
    Source\FWLib\src\stm32f10x_gpio.c        0x00000000   Number         0  stm32f10x_gpio.o ABSOLUTE
    Source\FWLib\src\stm32f10x_nvic.c        0x00000000   Number         0  stm32f10x_nvic.o ABSOLUTE
    Source\FWLib\src\stm32f10x_pwr.c         0x00000000   Number         0  stm32f10x_pwr.o ABSOLUTE
    Source\FWLib\src\stm32f10x_rcc.c         0x00000000   Number         0  stm32f10x_rcc.o ABSOLUTE
    Source\FWLib\src\stm32f10x_rtc.c         0x00000000   Number         0  stm32f10x_rtc.o ABSOLUTE
    Source\FWLib\src\stm32f10x_systick.c     0x00000000   Number         0  stm32f10x_systick.o ABSOLUTE
    Source\FWLib\src\stm32f10x_tim.c         0x00000000   Number         0  stm32f10x_tim.o ABSOLUTE
    Source\FWLib\src\stm32f10x_usart.c       0x00000000   Number         0  stm32f10x_usart.o ABSOLUTE
    Source\Startup\cortexm3_macro.s          0x00000000   Number         0  cortexm3_macro.o ABSOLUTE
    Source\Startup\stm32f10x_vector.s        0x00000000   Number         0  stm32f10x_vector.o ABSOLUTE
    Source\stm32f10x_it.c                    0x00000000   Number         0  stm32f10x_it.o ABSOLUTE
    dc.s                                     0x00000000   Number         0  dc.o ABSOLUTE
    handlers.s                               0x00000000   Number         0  handlers.o ABSOLUTE
    init.s                                   0x00000000   Number         0  init.o ABSOLUTE
    main.c                                   0x00000000   Number         0  main.o ABSOLUTE
    stmflash.c                               0x00000000   Number         0  stmflash.o ABSOLUTE
    RESET                                    0x08000000   Section      304  stm32f10x_vector.o(RESET)
    .ARM.Collect$$$$00000000                 0x08000130   Section        0  entry.o(.ARM.Collect$$$$00000000)
    .ARM.Collect$$$$00000001                 0x08000130   Section        4  entry2.o(.ARM.Collect$$$$00000001)
    .ARM.Collect$$$$00000004                 0x08000134   Section        4  entry5.o(.ARM.Collect$$$$00000004)
    .ARM.Collect$$$$00000008                 0x08000138   Section        0  entry7b.o(.ARM.Collect$$$$00000008)
    .ARM.Collect$$$$0000000A                 0x08000138   Section        0  entry8b.o(.ARM.Collect$$$$0000000A)
    .ARM.Collect$$$$0000000B                 0x08000138   Section        8  entry9a.o(.ARM.Collect$$$$0000000B)
    .ARM.Collect$$$$0000000D                 0x08000140   Section        0  entry10a.o(.ARM.Collect$$$$0000000D)
    .ARM.Collect$$$$0000000F                 0x08000140   Section        0  entry11a.o(.ARM.Collect$$$$0000000F)
    .ARM.Collect$$$$00002712                 0x08000140   Section        4  entry2.o(.ARM.Collect$$$$00002712)
    __lit__00000000                          0x08000140   Data           4  entry2.o(.ARM.Collect$$$$00002712)
    .text                                    0x08000144   Section        8  stm32f10x_vector.o(.text)
    .text                                    0x0800014c   Section        0  strstr.o(.text)
    .text                                    0x08000170   Section        0  strlen.o(.text)
    .text                                    0x0800017e   Section        0  dmul.o(.text)
    .text                                    0x08000262   Section        0  ddiv.o(.text)
    .text                                    0x08000340   Section        0  fflti.o(.text)
    .text                                    0x08000352   Section        0  dfltui.o(.text)
    .text                                    0x0800036c   Section        0  dfixi.o(.text)
    .text                                    0x080003aa   Section        0  dfixui.o(.text)
    .text                                    0x080003dc   Section        0  f2d.o(.text)
    .text                                    0x08000402   Section        0  llushr.o(.text)
    .text                                    0x08000422   Section        0  iusefp.o(.text)
    .text                                    0x08000422   Section        0  fepilogue.o(.text)
    .text                                    0x08000490   Section        0  depilogue.o(.text)
    .text                                    0x0800054c   Section       36  init.o(.text)
    .text                                    0x08000570   Section        0  llshl.o(.text)
    .text                                    0x0800058e   Section        0  __dczerorl2.o(.text)
    i.ADC1_2_IRQHandler                      0x080005e4   Section        0  stm32f10x_it.o(i.ADC1_2_IRQHandler)
    i.ADC3_IRQHandler                        0x080005e6   Section        0  stm32f10x_it.o(i.ADC3_IRQHandler)
    i.ADC_Cmd                                0x080005e8   Section        0  stm32f10x_adc.o(i.ADC_Cmd)
    i.ADC_DeInit                             0x08000600   Section        0  stm32f10x_adc.o(i.ADC_DeInit)
    i.ADC_GetCalibrationStatus               0x08000660   Section        0  stm32f10x_adc.o(i.ADC_GetCalibrationStatus)
    i.ADC_GetConversionValue                 0x08000674   Section        0  stm32f10x_adc.o(i.ADC_GetConversionValue)
    i.ADC_GetFlagStatus                      0x0800067c   Section        0  stm32f10x_adc.o(i.ADC_GetFlagStatus)
    i.ADC_GetResetCalibrationStatus          0x0800068e   Section        0  stm32f10x_adc.o(i.ADC_GetResetCalibrationStatus)
    i.ADC_Init                               0x080006a4   Section        0  stm32f10x_adc.o(i.ADC_Init)
    i.ADC_RegularChannelConfig               0x080006f4   Section        0  stm32f10x_adc.o(i.ADC_RegularChannelConfig)
    i.ADC_ResetCalibration                   0x080007ac   Section        0  stm32f10x_adc.o(i.ADC_ResetCalibration)
    i.ADC_SoftwareStartConvCmd               0x080007b6   Section        0  stm32f10x_adc.o(i.ADC_SoftwareStartConvCmd)
    i.ADC_StartCalibration                   0x080007cc   Section        0  stm32f10x_adc.o(i.ADC_StartCalibration)
    i.BKP_ITConfig                           0x080007d8   Section        0  stm32f10x_bkp.o(i.BKP_ITConfig)
    i.BKP_TamperPinCmd                       0x080007e4   Section        0  stm32f10x_bkp.o(i.BKP_TamperPinCmd)
    i.BusFaultException                      0x080007f0   Section        0  stm32f10x_it.o(i.BusFaultException)
    i.CAN_RX1_IRQHandler                     0x080007f4   Section        0  stm32f10x_it.o(i.CAN_RX1_IRQHandler)
    i.CAN_SCE_IRQHandler                     0x080007f6   Section        0  stm32f10x_it.o(i.CAN_SCE_IRQHandler)
    i.DMA1_Channel1_IRQHandler               0x080007f8   Section        0  stm32f10x_it.o(i.DMA1_Channel1_IRQHandler)
    i.DMA1_Channel2_IRQHandler               0x080007fa   Section        0  stm32f10x_it.o(i.DMA1_Channel2_IRQHandler)
    i.DMA1_Channel3_IRQHandler               0x080007fc   Section        0  stm32f10x_it.o(i.DMA1_Channel3_IRQHandler)
    i.DMA1_Channel4_IRQHandler               0x080007fe   Section        0  stm32f10x_it.o(i.DMA1_Channel4_IRQHandler)
    i.DMA1_Channel5_IRQHandler               0x08000800   Section        0  stm32f10x_it.o(i.DMA1_Channel5_IRQHandler)
    i.DMA1_Channel6_IRQHandler               0x08000802   Section        0  stm32f10x_it.o(i.DMA1_Channel6_IRQHandler)
    i.DMA1_Channel7_IRQHandler               0x08000804   Section        0  stm32f10x_it.o(i.DMA1_Channel7_IRQHandler)
    i.DMA2_Channel1_IRQHandler               0x08000806   Section        0  stm32f10x_it.o(i.DMA2_Channel1_IRQHandler)
    i.DMA2_Channel2_IRQHandler               0x08000808   Section        0  stm32f10x_it.o(i.DMA2_Channel2_IRQHandler)
    i.DMA2_Channel3_IRQHandler               0x0800080a   Section        0  stm32f10x_it.o(i.DMA2_Channel3_IRQHandler)
    i.DMA2_Channel4_5_IRQHandler             0x0800080c   Section        0  stm32f10x_it.o(i.DMA2_Channel4_5_IRQHandler)
    i.DS18B20_Check                          0x08000810   Section        0  main.o(i.DS18B20_Check)
    i.DS18B20_GetTemp                        0x0800089c   Section        0  main.o(i.DS18B20_GetTemp)
    i.DS18B20_IO_IN                          0x080009dc   Section        0  main.o(i.DS18B20_IO_IN)
    i.DS18B20_IO_OUT                         0x08000a30   Section        0  main.o(i.DS18B20_IO_OUT)
    i.DS18B20_Init                           0x08000a84   Section        0  main.o(i.DS18B20_Init)
    i.DS18B20_Read_Bit                       0x08000a90   Section        0  main.o(i.DS18B20_Read_Bit)
    i.DS18B20_Read_Byte                      0x08000b28   Section        0  main.o(i.DS18B20_Read_Byte)
    i.DS18B20_Rst                            0x08000b4c   Section        0  main.o(i.DS18B20_Rst)
    i.DS18B20_Start                          0x08000bb0   Section        0  main.o(i.DS18B20_Start)
    i.DS18B20_Write_Byte                     0x08000bc8   Section        0  main.o(i.DS18B20_Write_Byte)
    i.DebugMonitor                           0x08000c90   Section        0  stm32f10x_it.o(i.DebugMonitor)
    i.EXTI0_IRQHandler                       0x08000c92   Section        0  stm32f10x_it.o(i.EXTI0_IRQHandler)
    i.EXTI15_10_IRQHandler                   0x08000c94   Section        0  stm32f10x_it.o(i.EXTI15_10_IRQHandler)
    i.EXTI1_IRQHandler                       0x08000c98   Section        0  main.o(i.EXTI1_IRQHandler)
    i.EXTI2_IRQHandler                       0x08000cdc   Section        0  stm32f10x_it.o(i.EXTI2_IRQHandler)
    i.EXTI3_IRQHandler                       0x08000cde   Section        0  stm32f10x_it.o(i.EXTI3_IRQHandler)
    i.EXTI4_IRQHandler                       0x08000ce0   Section        0  stm32f10x_it.o(i.EXTI4_IRQHandler)
    i.EXTI9_5_IRQHandler                     0x08000ce4   Section        0  main.o(i.EXTI9_5_IRQHandler)
    i.EXTI_ClearITPendingBit                 0x08000d28   Section        0  stm32f10x_exti.o(i.EXTI_ClearITPendingBit)
    i.EXTI_GetITStatus                       0x08000d34   Section        0  stm32f10x_exti.o(i.EXTI_GetITStatus)
    i.EXTI_Init                              0x08000d5c   Section        0  stm32f10x_exti.o(i.EXTI_Init)
    i.Exit_Init                              0x08000e14   Section        0  main.o(i.Exit_Init)
    i.FLASH_IRQHandler                       0x08000eac   Section        0  stm32f10x_it.o(i.FLASH_IRQHandler)
    i.FLASH_PrefetchBufferCmd                0x08000eb0   Section        0  stm32f10x_flash.o(i.FLASH_PrefetchBufferCmd)
    i.FLASH_SetLatency                       0x08000ecc   Section        0  stm32f10x_flash.o(i.FLASH_SetLatency)
    i.FSMC_IRQHandler                        0x08000ee8   Section        0  stm32f10x_it.o(i.FSMC_IRQHandler)
    i.GPIOAllInit                            0x08000eec   Section        0  main.o(i.GPIOAllInit)
    i.GPIOO_Init                             0x08000f70   Section        0  main.o(i.GPIOO_Init)
    i.GPIO_EXTILineConfig                    0x08001008   Section        0  stm32f10x_gpio.o(i.GPIO_EXTILineConfig)
    i.GPIO_Init                              0x08001048   Section        0  stm32f10x_gpio.o(i.GPIO_Init)
    i.GPIO_PinRemapConfig                    0x0800115c   Section        0  stm32f10x_gpio.o(i.GPIO_PinRemapConfig)
    i.GPIO_ResetBits                         0x080011cc   Section        0  stm32f10x_gpio.o(i.GPIO_ResetBits)
    i.GPIO_SetBits                           0x080011d0   Section        0  stm32f10x_gpio.o(i.GPIO_SetBits)
    i.GPIO_Write                             0x080011d4   Section        0  stm32f10x_gpio.o(i.GPIO_Write)
    i.GetADCResult                           0x080011d8   Section        0  main.o(i.GetADCResult)
    i.GetGpioPinNumber                       0x080012b4   Section        0  main.o(i.GetGpioPinNumber)
    GetGpioPinNumber                         0x080012b5   Thumb Code    34  main.o(i.GetGpioPinNumber)
    i.GetGpioPortNumber                      0x080012dc   Section        0  main.o(i.GetGpioPortNumber)
    GetGpioPortNumber                        0x080012dd   Thumb Code    34  main.o(i.GetGpioPortNumber)
    i.GpioInit                               0x08001304   Section        0  main.o(i.GpioInit)
    i.HardFaultException                     0x08001348   Section        0  stm32f10x_it.o(i.HardFaultException)
    i.I2C1_ER_IRQHandler                     0x0800134c   Section        0  stm32f10x_it.o(i.I2C1_ER_IRQHandler)
    i.I2C1_EV_IRQHandler                     0x0800134e   Section        0  stm32f10x_it.o(i.I2C1_EV_IRQHandler)
    i.I2C2_ER_IRQHandler                     0x08001350   Section        0  stm32f10x_it.o(i.I2C2_ER_IRQHandler)
    i.I2C2_EV_IRQHandler                     0x08001352   Section        0  stm32f10x_it.o(i.I2C2_EV_IRQHandler)
    i.IIC_delay                              0x08001354   Section        0  main.o(i.IIC_delay)
    i.InitADC                                0x08001360   Section        0  main.o(i.InitADC)
    i.LCDW_Com                               0x080013d4   Section        0  main.o(i.LCDW_Com)
    i.LCD_Init                               0x080014e4   Section        0  main.o(i.LCD_Init)
    i.MemManageException                     0x08001520   Section        0  stm32f10x_it.o(i.MemManageException)
    i.NMIException                           0x08001524   Section        0  stm32f10x_it.o(i.NMIException)
    i.NVIC_Configuration                     0x08001526   Section        0  main.o(i.NVIC_Configuration)
    i.NVIC_Init                              0x08001534   Section        0  stm32f10x_nvic.o(i.NVIC_Init)
    i.NVIC_SetVectorTable                    0x080015d8   Section        0  stm32f10x_nvic.o(i.NVIC_SetVectorTable)
    i.OLED_2bit                              0x080015ec   Section        0  main.o(i.OLED_2bit)
    i.OLED_3bit                              0x08001634   Section        0  main.o(i.OLED_3bit)
    i.OLED_3bit_ph                           0x08001694   Section        0  main.o(i.OLED_3bit_ph)
    i.OLED_4bit                              0x080016f8   Section        0  main.o(i.OLED_4bit)
    i.OLED_5bit                              0x08001774   Section        0  main.o(i.OLED_5bit)
    i.OLED_Clear                             0x08001800   Section        0  main.o(i.OLED_Clear)
    i.OLED_DisStr                            0x08001830   Section        0  main.o(i.OLED_DisStr)
    i.OLED_DrawPoint                         0x0800187c   Section        0  main.o(i.OLED_DrawPoint)
    i.OLED_I2C_Start                         0x080018f4   Section        0  main.o(i.OLED_I2C_Start)
    i.OLED_I2C_Stop                          0x08001928   Section        0  main.o(i.OLED_I2C_Stop)
    i.OLED_I2C_WaitAck                       0x0800194c   Section        0  main.o(i.OLED_I2C_WaitAck)
    i.OLED_Init                              0x08001978   Section        0  main.o(i.OLED_Init)
    i.OLED_Refresh                           0x08001ab8   Section        0  main.o(i.OLED_Refresh)
    i.OLED_Send_Byte                         0x08001b20   Section        0  main.o(i.OLED_Send_Byte)
    i.OLED_ShowChar                          0x08001b6c   Section        0  main.o(i.OLED_ShowChar)
    i.OLED_ShowString                        0x08001ca8   Section        0  main.o(i.OLED_ShowString)
    i.OLED_WR_Byte                           0x08001cf2   Section        0  main.o(i.OLED_WR_Byte)
    i.OLED_str                               0x08001d2c   Section        0  main.o(i.OLED_str)
    i.PVD_IRQHandler                         0x08001d48   Section        0  stm32f10x_it.o(i.PVD_IRQHandler)
    i.PendSVC                                0x08001d4a   Section        0  stm32f10x_it.o(i.PendSVC)
    i.RCC_ADCCLKConfig                       0x08001d4c   Section        0  stm32f10x_rcc.o(i.RCC_ADCCLKConfig)
    i.RCC_APB1PeriphClockCmd                 0x08001d64   Section        0  stm32f10x_rcc.o(i.RCC_APB1PeriphClockCmd)
    i.RCC_APB2PeriphClockCmd                 0x08001d84   Section        0  stm32f10x_rcc.o(i.RCC_APB2PeriphClockCmd)
    i.RCC_APB2PeriphResetCmd                 0x08001da4   Section        0  stm32f10x_rcc.o(i.RCC_APB2PeriphResetCmd)
    i.RCC_Configuration                      0x08001dc4   Section        0  main.o(i.RCC_Configuration)
    i.RCC_DeInit                             0x08001e38   Section        0  stm32f10x_rcc.o(i.RCC_DeInit)
    i.RCC_GetClocksFreq                      0x08001e84   Section        0  stm32f10x_rcc.o(i.RCC_GetClocksFreq)
    i.RCC_GetFlagStatus                      0x08001f58   Section        0  stm32f10x_rcc.o(i.RCC_GetFlagStatus)
    i.RCC_GetSYSCLKSource                    0x08001f94   Section        0  stm32f10x_rcc.o(i.RCC_GetSYSCLKSource)
    i.RCC_HCLKConfig                         0x08001fa4   Section        0  stm32f10x_rcc.o(i.RCC_HCLKConfig)
    i.RCC_HSEConfig                          0x08001fbc   Section        0  stm32f10x_rcc.o(i.RCC_HSEConfig)
    i.RCC_IRQHandler                         0x08002008   Section        0  stm32f10x_it.o(i.RCC_IRQHandler)
    i.RCC_PCLK1Config                        0x0800200c   Section        0  stm32f10x_rcc.o(i.RCC_PCLK1Config)
    i.RCC_PCLK2Config                        0x08002024   Section        0  stm32f10x_rcc.o(i.RCC_PCLK2Config)
    i.RCC_PLLCmd                             0x0800203c   Section        0  stm32f10x_rcc.o(i.RCC_PLLCmd)
    i.RCC_PLLConfig                          0x08002048   Section        0  stm32f10x_rcc.o(i.RCC_PLLConfig)
    i.RCC_SYSCLKConfig                       0x08002064   Section        0  stm32f10x_rcc.o(i.RCC_SYSCLKConfig)
    i.RCC_WaitForHSEStartUp                  0x0800207c   Section        0  stm32f10x_rcc.o(i.RCC_WaitForHSEStartUp)
    i.RTCAlarm_IRQHandler                    0x080020c4   Section        0  stm32f10x_it.o(i.RTCAlarm_IRQHandler)
    i.RTC_IRQHandler                         0x080020c6   Section        0  stm32f10x_it.o(i.RTC_IRQHandler)
    i.SDIO_IRQHandler                        0x080020c8   Section        0  stm32f10x_it.o(i.SDIO_IRQHandler)
    i.SPI1_IRQHandler                        0x080020ca   Section        0  stm32f10x_it.o(i.SPI1_IRQHandler)
    i.SPI2_IRQHandler                        0x080020cc   Section        0  stm32f10x_it.o(i.SPI2_IRQHandler)
    i.SPI3_IRQHandler                        0x080020ce   Section        0  stm32f10x_it.o(i.SPI3_IRQHandler)
    i.STMFLASH_ErasePage                     0x080020d0   Section        0  stmflash.o(i.STMFLASH_ErasePage)
    i.STMFLASH_GetStatus                     0x0800211c   Section        0  stmflash.o(i.STMFLASH_GetStatus)
    i.STMFLASH_Lock                          0x08002148   Section        0  stmflash.o(i.STMFLASH_Lock)
    i.STMFLASH_Read                          0x0800215c   Section        0  stmflash.o(i.STMFLASH_Read)
    i.STMFLASH_ReadHalfWord                  0x0800217e   Section        0  stmflash.o(i.STMFLASH_ReadHalfWord)
    i.STMFLASH_Unlock                        0x08002184   Section        0  stmflash.o(i.STMFLASH_Unlock)
    i.STMFLASH_WaitDone                      0x0800219c   Section        0  stmflash.o(i.STMFLASH_WaitDone)
    i.STMFLASH_Write                         0x080021d4   Section        0  stmflash.o(i.STMFLASH_Write)
    i.STMFLASH_WriteHalfWord                 0x080022bc   Section        0  stmflash.o(i.STMFLASH_WriteHalfWord)
    i.STMFLASH_Write_NoCheck                 0x080022fc   Section        0  stmflash.o(i.STMFLASH_Write_NoCheck)
    i.SVCHandler                             0x0800231e   Section        0  stm32f10x_it.o(i.SVCHandler)
    i.SysRead                                0x08002320   Section        0  stmflash.o(i.SysRead)
    i.SysSave                                0x08002338   Section        0  stmflash.o(i.SysSave)
    i.SysTickHandler                         0x08002350   Section        0  stm32f10x_it.o(i.SysTickHandler)
    i.TAMPER_IRQHandler                      0x08002352   Section        0  stm32f10x_it.o(i.TAMPER_IRQHandler)
    i.TIM1_BRK_IRQHandler                    0x08002354   Section        0  stm32f10x_it.o(i.TIM1_BRK_IRQHandler)
    i.TIM1_CC_IRQHandler                     0x08002356   Section        0  stm32f10x_it.o(i.TIM1_CC_IRQHandler)
    i.TIM1_TRG_COM_IRQHandler                0x08002358   Section        0  stm32f10x_it.o(i.TIM1_TRG_COM_IRQHandler)
    i.TIM1_UP_IRQHandler                     0x0800235c   Section        0  main.o(i.TIM1_UP_IRQHandler)
    i.TIM1_XinInit                           0x08002398   Section        0  main.o(i.TIM1_XinInit)
    i.TIM2_IRQHandler                        0x080023dc   Section        0  stm32f10x_it.o(i.TIM2_IRQHandler)
    i.TIM3_IRQHandler                        0x080023de   Section        0  stm32f10x_it.o(i.TIM3_IRQHandler)
    i.TIM4_IRQHandler                        0x080023e0   Section        0  stm32f10x_it.o(i.TIM4_IRQHandler)
    i.TIM5_IRQHandler                        0x080023e2   Section        0  stm32f10x_it.o(i.TIM5_IRQHandler)
    i.TIM6_IRQHandler                        0x080023e4   Section        0  stm32f10x_it.o(i.TIM6_IRQHandler)
    i.TIM7_IRQHandler                        0x080023e6   Section        0  stm32f10x_it.o(i.TIM7_IRQHandler)
    i.TIM8_BRK_IRQHandler                    0x080023e8   Section        0  stm32f10x_it.o(i.TIM8_BRK_IRQHandler)
    i.TIM8_CC_IRQHandler                     0x080023ea   Section        0  stm32f10x_it.o(i.TIM8_CC_IRQHandler)
    i.TIM8_TRG_COM_IRQHandler                0x080023ec   Section        0  stm32f10x_it.o(i.TIM8_TRG_COM_IRQHandler)
    i.TIM8_UP_IRQHandler                     0x080023ee   Section        0  stm32f10x_it.o(i.TIM8_UP_IRQHandler)
    i.TIM_ClearITPendingBit                  0x080023f0   Section        0  stm32f10x_tim.o(i.TIM_ClearITPendingBit)
    i.TIM_Cmd                                0x080023f6   Section        0  stm32f10x_tim.o(i.TIM_Cmd)
    i.TIM_GetITStatus                        0x0800240e   Section        0  stm32f10x_tim.o(i.TIM_GetITStatus)
    i.TIM_ITConfig                           0x08002430   Section        0  stm32f10x_tim.o(i.TIM_ITConfig)
    i.TIM_TimeBaseInit                       0x08002444   Section        0  stm32f10x_tim.o(i.TIM_TimeBaseInit)
    i.Tim1_Init                              0x08002480   Section        0  main.o(i.Tim1_Init)
    i.UART4_INIT                             0x080024f8   Section        0  main.o(i.UART4_INIT)
    i.UART4_IRQHandler                       0x08002528   Section        0  stm32f10x_it.o(i.UART4_IRQHandler)
    i.UART5_IRQHandler                       0x0800252a   Section        0  stm32f10x_it.o(i.UART5_IRQHandler)
    i.UARTT_Init                             0x0800252c   Section        0  main.o(i.UARTT_Init)
    i.USART1_IRQHandler                      0x08002728   Section        0  main.o(i.USART1_IRQHandler)
    i.USART2_IRQHandler                      0x080027c8   Section        0  main.o(i.USART2_IRQHandler)
    i.USART3_IRQHandler                      0x08002868   Section        0  main.o(i.USART3_IRQHandler)
    i.USART_ClearITPendingBit                0x08002908   Section        0  stm32f10x_usart.o(i.USART_ClearITPendingBit)
    i.USART_ClockInit                        0x0800291c   Section        0  stm32f10x_usart.o(i.USART_ClockInit)
    i.USART_Cmd                              0x0800293e   Section        0  stm32f10x_usart.o(i.USART_Cmd)
    i.USART_GetFlagStatus                    0x08002956   Section        0  stm32f10x_usart.o(i.USART_GetFlagStatus)
    i.USART_GetITStatus                      0x08002968   Section        0  stm32f10x_usart.o(i.USART_GetITStatus)
    i.USART_ITConfig                         0x080029b4   Section        0  stm32f10x_usart.o(i.USART_ITConfig)
    i.USART_Init                             0x080029f4   Section        0  stm32f10x_usart.o(i.USART_Init)
    i.USART_SendData                         0x08002a90   Section        0  stm32f10x_usart.o(i.USART_SendData)
    i.USBWakeUp_IRQHandler                   0x08002a98   Section        0  stm32f10x_it.o(i.USBWakeUp_IRQHandler)
    i.USB_HP_CAN_TX_IRQHandler               0x08002a9a   Section        0  stm32f10x_it.o(i.USB_HP_CAN_TX_IRQHandler)
    i.USB_LP_CAN_RX0_IRQHandler              0x08002a9c   Section        0  stm32f10x_it.o(i.USB_LP_CAN_RX0_IRQHandler)
    i.UsageFaultException                    0x08002a9e   Section        0  stm32f10x_it.o(i.UsageFaultException)
    i.WWDG_IRQHandler                        0x08002aa2   Section        0  stm32f10x_it.o(i.WWDG_IRQHandler)
    i.__scatterload_copy                     0x08002aa4   Section       14  handlers.o(i.__scatterload_copy)
    i.__scatterload_null                     0x08002ab2   Section        2  handlers.o(i.__scatterload_null)
    i.__scatterload_zeroinit                 0x08002ab4   Section       14  handlers.o(i.__scatterload_zeroinit)
    i.delay_init                             0x08002ac4   Section        0  main.o(i.delay_init)
    i.delay_ms                               0x08002afc   Section        0  main.o(i.delay_ms)
    i.delay_us                               0x08002b38   Section        0  main.o(i.delay_us)
    i.delayms                                0x08002b74   Section        0  main.o(i.delayms)
    i.duoji                                  0x08002b80   Section        0  main.o(i.duoji)
    i.ior                                    0x08002d2c   Section        0  main.o(i.ior)
    i.iow                                    0x08002d84   Section        0  main.o(i.iow)
    i.iow_qufan                              0x08002de0   Section        0  main.o(i.iow_qufan)
    i.iow_r                                  0x08002e14   Section        0  main.o(i.iow_r)
    i.main                                   0x08002e60   Section        0  main.o(i.main)
    i.morepage_oled                          0x08003338   Section        0  main.o(i.morepage_oled)
    i.renshu1                                0x08003614   Section        0  main.o(i.renshu1)
    i.sendchar                               0x080036e8   Section        0  main.o(i.sendchar)
    i.sendchar4                              0x08003780   Section        0  main.o(i.sendchar4)
    i.sendchar5                              0x080037f4   Section        0  main.o(i.sendchar5)
    i.sendstr                                0x08003868   Section        0  main.o(i.sendstr)
    i.set                                    0x08003884   Section        0  main.o(i.set)
    i.strtohex                               0x0800396c   Section        0  main.o(i.strtohex)
    i.uart_xuni                              0x08003b10   Section        0  main.o(i.uart_xuni)
    i.uartinitirq                            0x08003c34   Section        0  main.o(i.uartinitirq)
    i.wifi_end                               0x08003ce4   Section        0  main.o(i.wifi_end)
    i.wifi_sendnum                           0x08003d98   Section        0  main.o(i.wifi_sendnum)
    i.wifi_start                             0x08003e84   Section        0  main.o(i.wifi_start)
    .constdata                               0x08003e90   Section     7668  main.o(.constdata)
    .constdata                               0x08005c84   Section       20  stm32f10x_rcc.o(.constdata)
    APBAHBPrescTable                         0x08005c84   Data          16  stm32f10x_rcc.o(.constdata)
    ADCPrescTable                            0x08005c94   Data           4  stm32f10x_rcc.o(.constdata)
    .data                                    0x20000000   Section      675  main.o(.data)
    fac_us                                   0x20000146   Data           1  main.o(.data)
    fac_ms                                   0x20000148   Data           4  main.o(.data)
    .data                                    0x200002a4   Section        8  stm32f10x_rcc.o(.data)
    HSEStatus                                0x200002a4   Data           1  stm32f10x_rcc.o(.data)
    StartUpCounter                           0x200002a8   Data           4  stm32f10x_rcc.o(.data)
    .bss                                     0x200002ac   Section     2562  main.o(.bss)
    .bss                                     0x20000cae   Section     1024  stmflash.o(.bss)
    STACK                                    0x200010b0   Section     1024  stm32f10x_vector.o(STACK)

    Global Symbols

    Symbol Name                              Value     Ov Type        Size  Object(Section)

    BuildAttributes$$THM_ISAv4$P$D$K$B$S$PE$A:L22UL41UL21$X:L11$S22US41US21$IEEE1$IW$USESV6$~STKCKD$USESV7$~SHL$OTIME$ROPI$EBA8$MICROLIB$REQ8$PRES8$EABIv2 0x00000000   Number         0  anon$$obj.o ABSOLUTE
    __ARM_use_no_argv                        0x00000000   Number         0  main.o ABSOLUTE
    __cpp_initialize__aeabi_                  - Undefined Weak Reference
    __cxa_finalize                            - Undefined Weak Reference
    _clock_init                               - Undefined Weak Reference
    _microlib_exit                            - Undefined Weak Reference
    __Vectors                                0x08000000   Data           4  stm32f10x_vector.o(RESET)
    __main                                   0x08000131   Thumb Code     0  entry.o(.ARM.Collect$$$$00000000)
    _main_stk                                0x08000131   Thumb Code     0  entry2.o(.ARM.Collect$$$$00000001)
    _main_scatterload                        0x08000135   Thumb Code     0  entry5.o(.ARM.Collect$$$$00000004)
    __main_after_scatterload                 0x08000139   Thumb Code     0  entry5.o(.ARM.Collect$$$$00000004)
    _main_clock                              0x08000139   Thumb Code     0  entry7b.o(.ARM.Collect$$$$00000008)
    _main_cpp_init                           0x08000139   Thumb Code     0  entry8b.o(.ARM.Collect$$$$0000000A)
    _main_init                               0x08000139   Thumb Code     0  entry9a.o(.ARM.Collect$$$$0000000B)
    __rt_final_cpp                           0x08000141   Thumb Code     0  entry10a.o(.ARM.Collect$$$$0000000D)
    __rt_final_exit                          0x08000141   Thumb Code     0  entry11a.o(.ARM.Collect$$$$0000000F)
    Reset_Handler                            0x08000145   Thumb Code     4  stm32f10x_vector.o(.text)
    strstr                                   0x0800014d   Thumb Code    36  strstr.o(.text)
    strlen                                   0x08000171   Thumb Code    14  strlen.o(.text)
    __aeabi_dmul                             0x0800017f   Thumb Code   228  dmul.o(.text)
    __aeabi_ddiv                             0x08000263   Thumb Code   222  ddiv.o(.text)
    __aeabi_i2f                              0x08000341   Thumb Code    18  fflti.o(.text)
    __aeabi_ui2d                             0x08000353   Thumb Code    26  dfltui.o(.text)
    __aeabi_d2iz                             0x0800036d   Thumb Code    62  dfixi.o(.text)
    __aeabi_d2uiz                            0x080003ab   Thumb Code    50  dfixui.o(.text)
    __aeabi_f2d                              0x080003dd   Thumb Code    38  f2d.o(.text)
    __aeabi_llsr                             0x08000403   Thumb Code    32  llushr.o(.text)
    _ll_ushift_r                             0x08000403   Thumb Code     0  llushr.o(.text)
    __I$use$fp                               0x08000423   Thumb Code     0  iusefp.o(.text)
    _float_round                             0x08000423   Thumb Code    18  fepilogue.o(.text)
    _float_epilogue                          0x08000435   Thumb Code    92  fepilogue.o(.text)
    _double_round                            0x08000491   Thumb Code    30  depilogue.o(.text)
    _double_epilogue                         0x080004af   Thumb Code   156  depilogue.o(.text)
    __scatterload                            0x0800054d   Thumb Code    28  init.o(.text)
    __scatterload_rt2                        0x0800054d   Thumb Code     0  init.o(.text)
    __aeabi_llsl                             0x08000571   Thumb Code    30  llshl.o(.text)
    _ll_shift_l                              0x08000571   Thumb Code     0  llshl.o(.text)
    __decompress                             0x0800058f   Thumb Code     0  __dczerorl2.o(.text)
    __decompress1                            0x0800058f   Thumb Code    86  __dczerorl2.o(.text)
    ADC1_2_IRQHandler                        0x080005e5   Thumb Code     2  stm32f10x_it.o(i.ADC1_2_IRQHandler)
    ADC3_IRQHandler                          0x080005e7   Thumb Code     2  stm32f10x_it.o(i.ADC3_IRQHandler)
    ADC_Cmd                                  0x080005e9   Thumb Code    22  stm32f10x_adc.o(i.ADC_Cmd)
    ADC_DeInit                               0x08000601   Thumb Code    90  stm32f10x_adc.o(i.ADC_DeInit)
    ADC_GetCalibrationStatus                 0x08000661   Thumb Code    20  stm32f10x_adc.o(i.ADC_GetCalibrationStatus)
    ADC_GetConversionValue                   0x08000675   Thumb Code     8  stm32f10x_adc.o(i.ADC_GetConversionValue)
    ADC_GetFlagStatus                        0x0800067d   Thumb Code    18  stm32f10x_adc.o(i.ADC_GetFlagStatus)
    ADC_GetResetCalibrationStatus            0x0800068f   Thumb Code    20  stm32f10x_adc.o(i.ADC_GetResetCalibrationStatus)
    ADC_Init                                 0x080006a5   Thumb Code    70  stm32f10x_adc.o(i.ADC_Init)
    ADC_RegularChannelConfig                 0x080006f5   Thumb Code   184  stm32f10x_adc.o(i.ADC_RegularChannelConfig)
    ADC_ResetCalibration                     0x080007ad   Thumb Code    10  stm32f10x_adc.o(i.ADC_ResetCalibration)
    ADC_SoftwareStartConvCmd                 0x080007b7   Thumb Code    22  stm32f10x_adc.o(i.ADC_SoftwareStartConvCmd)
    ADC_StartCalibration                     0x080007cd   Thumb Code    10  stm32f10x_adc.o(i.ADC_StartCalibration)
    BKP_ITConfig                             0x080007d9   Thumb Code     6  stm32f10x_bkp.o(i.BKP_ITConfig)
    BKP_TamperPinCmd                         0x080007e5   Thumb Code     6  stm32f10x_bkp.o(i.BKP_TamperPinCmd)
    BusFaultException                        0x080007f1   Thumb Code     4  stm32f10x_it.o(i.BusFaultException)
    CAN_RX1_IRQHandler                       0x080007f5   Thumb Code     2  stm32f10x_it.o(i.CAN_RX1_IRQHandler)
    CAN_SCE_IRQHandler                       0x080007f7   Thumb Code     2  stm32f10x_it.o(i.CAN_SCE_IRQHandler)
    DMA1_Channel1_IRQHandler                 0x080007f9   Thumb Code     2  stm32f10x_it.o(i.DMA1_Channel1_IRQHandler)
    DMA1_Channel2_IRQHandler                 0x080007fb   Thumb Code     2  stm32f10x_it.o(i.DMA1_Channel2_IRQHandler)
    DMA1_Channel3_IRQHandler                 0x080007fd   Thumb Code     2  stm32f10x_it.o(i.DMA1_Channel3_IRQHandler)
    DMA1_Channel4_IRQHandler                 0x080007ff   Thumb Code     2  stm32f10x_it.o(i.DMA1_Channel4_IRQHandler)
    DMA1_Channel5_IRQHandler                 0x08000801   Thumb Code     2  stm32f10x_it.o(i.DMA1_Channel5_IRQHandler)
    DMA1_Channel6_IRQHandler                 0x08000803   Thumb Code     2  stm32f10x_it.o(i.DMA1_Channel6_IRQHandler)
    DMA1_Channel7_IRQHandler                 0x08000805   Thumb Code     2  stm32f10x_it.o(i.DMA1_Channel7_IRQHandler)
    DMA2_Channel1_IRQHandler                 0x08000807   Thumb Code     2  stm32f10x_it.o(i.DMA2_Channel1_IRQHandler)
    DMA2_Channel2_IRQHandler                 0x08000809   Thumb Code     2  stm32f10x_it.o(i.DMA2_Channel2_IRQHandler)
    DMA2_Channel3_IRQHandler                 0x0800080b   Thumb Code     2  stm32f10x_it.o(i.DMA2_Channel3_IRQHandler)
    DMA2_Channel4_5_IRQHandler               0x0800080d   Thumb Code     2  stm32f10x_it.o(i.DMA2_Channel4_5_IRQHandler)
    DS18B20_Check                            0x08000811   Thumb Code   130  main.o(i.DS18B20_Check)
    DS18B20_GetTemp                          0x0800089d   Thumb Code   280  main.o(i.DS18B20_GetTemp)
    DS18B20_IO_IN                            0x080009dd   Thumb Code    64  main.o(i.DS18B20_IO_IN)
    DS18B20_IO_OUT                           0x08000a31   Thumb Code    64  main.o(i.DS18B20_IO_OUT)
    DS18B20_Init                             0x08000a85   Thumb Code    12  main.o(i.DS18B20_Init)
    DS18B20_Read_Bit                         0x08000a91   Thumb Code   140  main.o(i.DS18B20_Read_Bit)
    DS18B20_Read_Byte                        0x08000b29   Thumb Code    34  main.o(i.DS18B20_Read_Byte)
    DS18B20_Rst                              0x08000b4d   Thumb Code    90  main.o(i.DS18B20_Rst)
    DS18B20_Start                            0x08000bb1   Thumb Code    24  main.o(i.DS18B20_Start)
    DS18B20_Write_Byte                       0x08000bc9   Thumb Code   192  main.o(i.DS18B20_Write_Byte)
    DebugMonitor                             0x08000c91   Thumb Code     2  stm32f10x_it.o(i.DebugMonitor)
    EXTI0_IRQHandler                         0x08000c93   Thumb Code     2  stm32f10x_it.o(i.EXTI0_IRQHandler)
    EXTI15_10_IRQHandler                     0x08000c95   Thumb Code     2  stm32f10x_it.o(i.EXTI15_10_IRQHandler)
    EXTI1_IRQHandler                         0x08000c99   Thumb Code    52  main.o(i.EXTI1_IRQHandler)
    EXTI2_IRQHandler                         0x08000cdd   Thumb Code     2  stm32f10x_it.o(i.EXTI2_IRQHandler)
    EXTI3_IRQHandler                         0x08000cdf   Thumb Code     2  stm32f10x_it.o(i.EXTI3_IRQHandler)
    EXTI4_IRQHandler                         0x08000ce1   Thumb Code     2  stm32f10x_it.o(i.EXTI4_IRQHandler)
    EXTI9_5_IRQHandler                       0x08000ce5   Thumb Code    52  main.o(i.EXTI9_5_IRQHandler)
    EXTI_ClearITPendingBit                   0x08000d29   Thumb Code     6  stm32f10x_exti.o(i.EXTI_ClearITPendingBit)
    EXTI_GetITStatus                         0x08000d35   Thumb Code    34  stm32f10x_exti.o(i.EXTI_GetITStatus)
    EXTI_Init                                0x08000d5d   Thumb Code   174  stm32f10x_exti.o(i.EXTI_Init)
    Exit_Init                                0x08000e15   Thumb Code   134  main.o(i.Exit_Init)
    FLASH_IRQHandler                         0x08000ead   Thumb Code     2  stm32f10x_it.o(i.FLASH_IRQHandler)
    FLASH_PrefetchBufferCmd                  0x08000eb1   Thumb Code    22  stm32f10x_flash.o(i.FLASH_PrefetchBufferCmd)
    FLASH_SetLatency                         0x08000ecd   Thumb Code    22  stm32f10x_flash.o(i.FLASH_SetLatency)
    FSMC_IRQHandler                          0x08000ee9   Thumb Code     2  stm32f10x_it.o(i.FSMC_IRQHandler)
    GPIOAllInit                              0x08000eed   Thumb Code   118  main.o(i.GPIOAllInit)
    GPIOO_Init                               0x08000f71   Thumb Code   148  main.o(i.GPIOO_Init)
    GPIO_EXTILineConfig                      0x08001009   Thumb Code    60  stm32f10x_gpio.o(i.GPIO_EXTILineConfig)
    GPIO_Init                                0x08001049   Thumb Code   276  stm32f10x_gpio.o(i.GPIO_Init)
    GPIO_PinRemapConfig                      0x0800115d   Thumb Code   106  stm32f10x_gpio.o(i.GPIO_PinRemapConfig)
    GPIO_ResetBits                           0x080011cd   Thumb Code     4  stm32f10x_gpio.o(i.GPIO_ResetBits)
    GPIO_SetBits                             0x080011d1   Thumb Code     4  stm32f10x_gpio.o(i.GPIO_SetBits)
    GPIO_Write                               0x080011d5   Thumb Code     4  stm32f10x_gpio.o(i.GPIO_Write)
    GetADCResult                             0x080011d9   Thumb Code   200  main.o(i.GetADCResult)
    GpioInit                                 0x08001305   Thumb Code    64  main.o(i.GpioInit)
    HardFaultException                       0x08001349   Thumb Code     4  stm32f10x_it.o(i.HardFaultException)
    I2C1_ER_IRQHandler                       0x0800134d   Thumb Code     2  stm32f10x_it.o(i.I2C1_ER_IRQHandler)
    I2C1_EV_IRQHandler                       0x0800134f   Thumb Code     2  stm32f10x_it.o(i.I2C1_EV_IRQHandler)
    I2C2_ER_IRQHandler                       0x08001351   Thumb Code     2  stm32f10x_it.o(i.I2C2_ER_IRQHandler)
    I2C2_EV_IRQHandler                       0x08001353   Thumb Code     2  stm32f10x_it.o(i.I2C2_EV_IRQHandler)
    IIC_delay                                0x08001355   Thumb Code    10  main.o(i.IIC_delay)
    InitADC                                  0x08001361   Thumb Code   112  main.o(i.InitADC)
    LCDW_Com                                 0x080013d5   Thumb Code   258  main.o(i.LCDW_Com)
    LCD_Init                                 0x080014e5   Thumb Code    52  main.o(i.LCD_Init)
    MemManageException                       0x08001521   Thumb Code     4  stm32f10x_it.o(i.MemManageException)
    NMIException                             0x08001525   Thumb Code     2  stm32f10x_it.o(i.NMIException)
    NVIC_Configuration                       0x08001527   Thumb Code    14  main.o(i.NVIC_Configuration)
    NVIC_Init                                0x08001535   Thumb Code   150  stm32f10x_nvic.o(i.NVIC_Init)
    NVIC_SetVectorTable                      0x080015d9   Thumb Code    12  stm32f10x_nvic.o(i.NVIC_SetVectorTable)
    OLED_2bit                                0x080015ed   Thumb Code    58  main.o(i.OLED_2bit)
    OLED_3bit                                0x08001635   Thumb Code    82  main.o(i.OLED_3bit)
    OLED_3bit_ph                             0x08001695   Thumb Code    86  main.o(i.OLED_3bit_ph)
    OLED_4bit                                0x080016f9   Thumb Code   110  main.o(i.OLED_4bit)
    OLED_5bit                                0x08001775   Thumb Code   128  main.o(i.OLED_5bit)
    OLED_Clear                               0x08001801   Thumb Code    42  main.o(i.OLED_Clear)
    OLED_DisStr                              0x08001831   Thumb Code    62  main.o(i.OLED_DisStr)
    OLED_DrawPoint                           0x0800187d   Thumb Code   114  main.o(i.OLED_DrawPoint)
    OLED_I2C_Start                           0x080018f5   Thumb Code    48  main.o(i.OLED_I2C_Start)
    OLED_I2C_Stop                            0x08001929   Thumb Code    32  main.o(i.OLED_I2C_Stop)
    OLED_I2C_WaitAck                         0x0800194d   Thumb Code    40  main.o(i.OLED_I2C_WaitAck)
    OLED_Init                                0x08001979   Thumb Code   316  main.o(i.OLED_Init)
    OLED_Refresh                             0x08001ab9   Thumb Code   100  main.o(i.OLED_Refresh)
    OLED_Send_Byte                           0x08001b21   Thumb Code    70  main.o(i.OLED_Send_Byte)
    OLED_ShowChar                            0x08001b6d   Thumb Code   300  main.o(i.OLED_ShowChar)
    OLED_ShowString                          0x08001ca9   Thumb Code    74  main.o(i.OLED_ShowString)
    OLED_WR_Byte                             0x08001cf3   Thumb Code    56  main.o(i.OLED_WR_Byte)
    OLED_str                                 0x08001d2d   Thumb Code    20  main.o(i.OLED_str)
    PVD_IRQHandler                           0x08001d49   Thumb Code     2  stm32f10x_it.o(i.PVD_IRQHandler)
    PendSVC                                  0x08001d4b   Thumb Code     2  stm32f10x_it.o(i.PendSVC)
    RCC_ADCCLKConfig                         0x08001d4d   Thumb Code    18  stm32f10x_rcc.o(i.RCC_ADCCLKConfig)
    RCC_APB1PeriphClockCmd                   0x08001d65   Thumb Code    26  stm32f10x_rcc.o(i.RCC_APB1PeriphClockCmd)
    RCC_APB2PeriphClockCmd                   0x08001d85   Thumb Code    26  stm32f10x_rcc.o(i.RCC_APB2PeriphClockCmd)
    RCC_APB2PeriphResetCmd                   0x08001da5   Thumb Code    26  stm32f10x_rcc.o(i.RCC_APB2PeriphResetCmd)
    RCC_Configuration                        0x08001dc5   Thumb Code   110  main.o(i.RCC_Configuration)
    RCC_DeInit                               0x08001e39   Thumb Code    62  stm32f10x_rcc.o(i.RCC_DeInit)
    RCC_GetClocksFreq                        0x08001e85   Thumb Code   192  stm32f10x_rcc.o(i.RCC_GetClocksFreq)
    RCC_GetFlagStatus                        0x08001f59   Thumb Code    56  stm32f10x_rcc.o(i.RCC_GetFlagStatus)
    RCC_GetSYSCLKSource                      0x08001f95   Thumb Code    10  stm32f10x_rcc.o(i.RCC_GetSYSCLKSource)
    RCC_HCLKConfig                           0x08001fa5   Thumb Code    18  stm32f10x_rcc.o(i.RCC_HCLKConfig)
    RCC_HSEConfig                            0x08001fbd   Thumb Code    70  stm32f10x_rcc.o(i.RCC_HSEConfig)
    RCC_IRQHandler                           0x08002009   Thumb Code     2  stm32f10x_it.o(i.RCC_IRQHandler)
    RCC_PCLK1Config                          0x0800200d   Thumb Code    18  stm32f10x_rcc.o(i.RCC_PCLK1Config)
    RCC_PCLK2Config                          0x08002025   Thumb Code    20  stm32f10x_rcc.o(i.RCC_PCLK2Config)
    RCC_PLLCmd                               0x0800203d   Thumb Code     6  stm32f10x_rcc.o(i.RCC_PLLCmd)
    RCC_PLLConfig                            0x08002049   Thumb Code    24  stm32f10x_rcc.o(i.RCC_PLLConfig)
    RCC_SYSCLKConfig                         0x08002065   Thumb Code    18  stm32f10x_rcc.o(i.RCC_SYSCLKConfig)
    RCC_WaitForHSEStartUp                    0x0800207d   Thumb Code    62  stm32f10x_rcc.o(i.RCC_WaitForHSEStartUp)
    RTCAlarm_IRQHandler                      0x080020c5   Thumb Code     2  stm32f10x_it.o(i.RTCAlarm_IRQHandler)
    RTC_IRQHandler                           0x080020c7   Thumb Code     2  stm32f10x_it.o(i.RTC_IRQHandler)
    SDIO_IRQHandler                          0x080020c9   Thumb Code     2  stm32f10x_it.o(i.SDIO_IRQHandler)
    SPI1_IRQHandler                          0x080020cb   Thumb Code     2  stm32f10x_it.o(i.SPI1_IRQHandler)
    SPI2_IRQHandler                          0x080020cd   Thumb Code     2  stm32f10x_it.o(i.SPI2_IRQHandler)
    SPI3_IRQHandler                          0x080020cf   Thumb Code     2  stm32f10x_it.o(i.SPI3_IRQHandler)
    STMFLASH_ErasePage                       0x080020d1   Thumb Code    72  stmflash.o(i.STMFLASH_ErasePage)
    STMFLASH_GetStatus                       0x0800211d   Thumb Code    38  stmflash.o(i.STMFLASH_GetStatus)
    STMFLASH_Lock                            0x08002149   Thumb Code    14  stmflash.o(i.STMFLASH_Lock)
    STMFLASH_Read                            0x0800215d   Thumb Code    34  stmflash.o(i.STMFLASH_Read)
    STMFLASH_ReadHalfWord                    0x0800217f   Thumb Code     6  stmflash.o(i.STMFLASH_ReadHalfWord)
    STMFLASH_Unlock                          0x08002185   Thumb Code    12  stmflash.o(i.STMFLASH_Unlock)
    STMFLASH_WaitDone                        0x0800219d   Thumb Code    56  stmflash.o(i.STMFLASH_WaitDone)
    STMFLASH_Write                           0x080021d5   Thumb Code   222  stmflash.o(i.STMFLASH_Write)
    STMFLASH_WriteHalfWord                   0x080022bd   Thumb Code    58  stmflash.o(i.STMFLASH_WriteHalfWord)
    STMFLASH_Write_NoCheck                   0x080022fd   Thumb Code    34  stmflash.o(i.STMFLASH_Write_NoCheck)
    SVCHandler                               0x0800231f   Thumb Code     2  stm32f10x_it.o(i.SVCHandler)
    SysRead                                  0x08002321   Thumb Code    14  stmflash.o(i.SysRead)
    SysSave                                  0x08002339   Thumb Code    14  stmflash.o(i.SysSave)
    SysTickHandler                           0x08002351   Thumb Code     2  stm32f10x_it.o(i.SysTickHandler)
    TAMPER_IRQHandler                        0x08002353   Thumb Code     2  stm32f10x_it.o(i.TAMPER_IRQHandler)
    TIM1_BRK_IRQHandler                      0x08002355   Thumb Code     2  stm32f10x_it.o(i.TIM1_BRK_IRQHandler)
    TIM1_CC_IRQHandler                       0x08002357   Thumb Code     2  stm32f10x_it.o(i.TIM1_CC_IRQHandler)
    TIM1_TRG_COM_IRQHandler                  0x08002359   Thumb Code     2  stm32f10x_it.o(i.TIM1_TRG_COM_IRQHandler)
    TIM1_UP_IRQHandler                       0x0800235d   Thumb Code    52  main.o(i.TIM1_UP_IRQHandler)
    TIM1_XinInit                             0x08002399   Thumb Code    64  main.o(i.TIM1_XinInit)
    TIM2_IRQHandler                          0x080023dd   Thumb Code     2  stm32f10x_it.o(i.TIM2_IRQHandler)
    TIM3_IRQHandler                          0x080023df   Thumb Code     2  stm32f10x_it.o(i.TIM3_IRQHandler)
    TIM4_IRQHandler                          0x080023e1   Thumb Code     2  stm32f10x_it.o(i.TIM4_IRQHandler)
    TIM5_IRQHandler                          0x080023e3   Thumb Code     2  stm32f10x_it.o(i.TIM5_IRQHandler)
    TIM6_IRQHandler                          0x080023e5   Thumb Code     2  stm32f10x_it.o(i.TIM6_IRQHandler)
    TIM7_IRQHandler                          0x080023e7   Thumb Code     2  stm32f10x_it.o(i.TIM7_IRQHandler)
    TIM8_BRK_IRQHandler                      0x080023e9   Thumb Code     2  stm32f10x_it.o(i.TIM8_BRK_IRQHandler)
    TIM8_CC_IRQHandler                       0x080023eb   Thumb Code     2  stm32f10x_it.o(i.TIM8_CC_IRQHandler)
    TIM8_TRG_COM_IRQHandler                  0x080023ed   Thumb Code     2  stm32f10x_it.o(i.TIM8_TRG_COM_IRQHandler)
    TIM8_UP_IRQHandler                       0x080023ef   Thumb Code     2  stm32f10x_it.o(i.TIM8_UP_IRQHandler)
    TIM_ClearITPendingBit                    0x080023f1   Thumb Code     6  stm32f10x_tim.o(i.TIM_ClearITPendingBit)
    TIM_Cmd                                  0x080023f7   Thumb Code    24  stm32f10x_tim.o(i.TIM_Cmd)
    TIM_GetITStatus                          0x0800240f   Thumb Code    34  stm32f10x_tim.o(i.TIM_GetITStatus)
    TIM_ITConfig                             0x08002431   Thumb Code    18  stm32f10x_tim.o(i.TIM_ITConfig)
    TIM_TimeBaseInit                         0x08002445   Thumb Code    50  stm32f10x_tim.o(i.TIM_TimeBaseInit)
    Tim1_Init                                0x08002481   Thumb Code   116  main.o(i.Tim1_Init)
    UART4_INIT                               0x080024f9   Thumb Code    42  main.o(i.UART4_INIT)
    UART4_IRQHandler                         0x08002529   Thumb Code     2  stm32f10x_it.o(i.UART4_IRQHandler)
    UART5_IRQHandler                         0x0800252b   Thumb Code     2  stm32f10x_it.o(i.UART5_IRQHandler)
    UARTT_Init                               0x0800252d   Thumb Code   466  main.o(i.UARTT_Init)
    USART1_IRQHandler                        0x08002729   Thumb Code   130  main.o(i.USART1_IRQHandler)
    USART2_IRQHandler                        0x080027c9   Thumb Code   130  main.o(i.USART2_IRQHandler)
    USART3_IRQHandler                        0x08002869   Thumb Code   130  main.o(i.USART3_IRQHandler)
    USART_ClearITPendingBit                  0x08002909   Thumb Code    20  stm32f10x_usart.o(i.USART_ClearITPendingBit)
    USART_ClockInit                          0x0800291d   Thumb Code    34  stm32f10x_usart.o(i.USART_ClockInit)
    USART_Cmd                                0x0800293f   Thumb Code    24  stm32f10x_usart.o(i.USART_Cmd)
    USART_GetFlagStatus                      0x08002957   Thumb Code    18  stm32f10x_usart.o(i.USART_GetFlagStatus)
    USART_GetITStatus                        0x08002969   Thumb Code    76  stm32f10x_usart.o(i.USART_GetITStatus)
    USART_ITConfig                           0x080029b5   Thumb Code    64  stm32f10x_usart.o(i.USART_ITConfig)
    USART_Init                               0x080029f5   Thumb Code   150  stm32f10x_usart.o(i.USART_Init)
    USART_SendData                           0x08002a91   Thumb Code     8  stm32f10x_usart.o(i.USART_SendData)
    USBWakeUp_IRQHandler                     0x08002a99   Thumb Code     2  stm32f10x_it.o(i.USBWakeUp_IRQHandler)
    USB_HP_CAN_TX_IRQHandler                 0x08002a9b   Thumb Code     2  stm32f10x_it.o(i.USB_HP_CAN_TX_IRQHandler)
    USB_LP_CAN_RX0_IRQHandler                0x08002a9d   Thumb Code     2  stm32f10x_it.o(i.USB_LP_CAN_RX0_IRQHandler)
    UsageFaultException                      0x08002a9f   Thumb Code     4  stm32f10x_it.o(i.UsageFaultException)
    WWDG_IRQHandler                          0x08002aa3   Thumb Code     2  stm32f10x_it.o(i.WWDG_IRQHandler)
    __scatterload_copy                       0x08002aa5   Thumb Code    14  handlers.o(i.__scatterload_copy)
    __scatterload_null                       0x08002ab3   Thumb Code     2  handlers.o(i.__scatterload_null)
    __scatterload_zeroinit                   0x08002ab5   Thumb Code    14  handlers.o(i.__scatterload_zeroinit)
    delay_init                               0x08002ac5   Thumb Code    46  main.o(i.delay_init)
    delay_ms                                 0x08002afd   Thumb Code    56  main.o(i.delay_ms)
    delay_us                                 0x08002b39   Thumb Code    56  main.o(i.delay_us)
    delayms                                  0x08002b75   Thumb Code    12  main.o(i.delayms)
    duoji                                    0x08002b81   Thumb Code   422  main.o(i.duoji)
    ior                                      0x08002d2d   Thumb Code    76  main.o(i.ior)
    iow                                      0x08002d85   Thumb Code    80  main.o(i.iow)
    iow_qufan                                0x08002de1   Thumb Code    52  main.o(i.iow_qufan)
    iow_r                                    0x08002e15   Thumb Code    62  main.o(i.iow_r)
    main                                     0x08002e61   Thumb Code  1222  main.o(i.main)
    morepage_oled                            0x08003339   Thumb Code   632  main.o(i.morepage_oled)
    renshu1                                  0x08003615   Thumb Code   192  main.o(i.renshu1)
    sendchar                                 0x080036e9   Thumb Code   140  main.o(i.sendchar)
    sendchar4                                0x08003781   Thumb Code   108  main.o(i.sendchar4)
    sendchar5                                0x080037f5   Thumb Code   108  main.o(i.sendchar5)
    sendstr                                  0x08003869   Thumb Code    26  main.o(i.sendstr)
    set                                      0x08003885   Thumb Code   198  main.o(i.set)
    strtohex                                 0x0800396d   Thumb Code   418  main.o(i.strtohex)
    uart_xuni                                0x08003b11   Thumb Code   232  main.o(i.uart_xuni)
    uartinitirq                              0x08003c35   Thumb Code   128  main.o(i.uartinitirq)
    wifi_end                                 0x08003ce5   Thumb Code   170  main.o(i.wifi_end)
    wifi_sendnum                             0x08003d99   Thumb Code   226  main.o(i.wifi_sendnum)
    wifi_start                               0x08003e85   Thumb Code     8  main.o(i.wifi_start)
    GPIO_Pin                                 0x08003e90   Data          64  main.o(.constdata)
    GPIO_PortClk                             0x08003ed0   Data          28  main.o(.constdata)
    GPIO_PortSuorce                          0x08003eec   Data           7  main.o(.constdata)
    GPIO_PinSource                           0x08003ef3   Data          16  main.o(.constdata)
    EXINT_Line                               0x08003f04   Data          64  main.o(.constdata)
    Exit_IRQn                                0x08003f44   Data          16  main.o(.constdata)
    asc2_0806                                0x08003f54   Data         552  main.o(.constdata)
    asc2_1206                                0x0800417c   Data        1140  main.o(.constdata)
    asc2_1608                                0x080045f0   Data        1520  main.o(.constdata)
    asc2_2412                                0x08004be0   Data        3420  main.o(.constdata)
    Hzk1                                     0x0800593c   Data         128  main.o(.constdata)
    Hzk2                                     0x080059bc   Data          72  main.o(.constdata)
    Hzk3                                     0x08005a04   Data         128  main.o(.constdata)
    Hzk4                                     0x08005a84   Data         512  main.o(.constdata)
    Region$$Table$$Base                      0x08005c98   Number         0  anon$$obj.o(Region$$Table)
    Region$$Table$$Limit                     0x08005cb8   Number         0  anon$$obj.o(Region$$Table)
    UartTx                                   0x20000000   Data         100  main.o(.data)
    RecCnt                                   0x20000064   Data           2  main.o(.data)
    RecTimeCount                             0x20000066   Data           2  main.o(.data)
    UartRecInit                              0x20000068   Data           1  main.o(.data)
    Uart_RecOk                               0x20000069   Data           1  main.o(.data)
    UartFlag_RecTime                         0x2000006a   Data           1  main.o(.data)
    UartTx2                                  0x2000006b   Data         100  main.o(.data)
    RecCnt2                                  0x200000d0   Data           2  main.o(.data)
    RecTimeCount2                            0x200000d2   Data           2  main.o(.data)
    UartRecInit2                             0x200000d4   Data           1  main.o(.data)
    Uart_RecOk2                              0x200000d5   Data           1  main.o(.data)
    UartFlag_RecTime2                        0x200000d6   Data           1  main.o(.data)
    UartTx3                                  0x200000d7   Data         100  main.o(.data)
    RecCnt3                                  0x2000013c   Data           2  main.o(.data)
    RecTimeCount3                            0x2000013e   Data           2  main.o(.data)
    UartRecInit3                             0x20000140   Data           1  main.o(.data)
    Uart_RecOk3                              0x20000141   Data           1  main.o(.data)
    UartFlag_RecTime3                        0x20000142   Data           1  main.o(.data)
    DHT11Temp                                0x20000143   Data           1  main.o(.data)
    DHT11Damp                                0x20000144   Data           1  main.o(.data)
    HSEStartUpStatus                         0x20000145   Data           1  main.o(.data)
    GPIO_InitStructure                       0x2000014c   Data           4  main.o(.data)
    Guc_USARTx                               0x20000150   Data           4  main.o(.data)
    GPIO_PORT                                0x20000154   Data          28  main.o(.data)
    RDAT4                                    0x20000170   Data           1  main.o(.data)
    RBIT4                                    0x20000171   Data           1  main.o(.data)
    startrec4                                0x20000172   Data           1  main.o(.data)
    RecCnt4                                  0x20000173   Data           1  main.o(.data)
    xuni_timeout4                            0x20000174   Data           1  main.o(.data)
    Uart_RecOk4                              0x20000175   Data           1  main.o(.data)
    RDAT5                                    0x20000176   Data           1  main.o(.data)
    RBIT5                                    0x20000177   Data           1  main.o(.data)
    startrec5                                0x20000178   Data           1  main.o(.data)
    RecCnt5                                  0x20000179   Data           1  main.o(.data)
    xuni_timeout5                            0x2000017a   Data           1  main.o(.data)
    Uart_RecOk5                              0x2000017b   Data           1  main.o(.data)
    flagadc                                  0x2000017c   Data           1  main.o(.data)
    AddFlag                                  0x2000017d   Data           1  main.o(.data)
    page                                     0x2000017e   Data           1  main.o(.data)
    dis                                      0x2000017f   Data          80  main.o(.data)
    dismax                                   0x200001d0   Data           8  main.o(.data)
    key1838                                  0x200001d8   Data           1  main.o(.data)
    flagoled                                 0x200001d9   Data           1  main.o(.data)
    oldx                                     0x200001da   Data           1  main.o(.data)
    oldy                                     0x200001db   Data           1  main.o(.data)
    disoled                                  0x200001dc   Data         120  main.o(.data)
    dismaxoled                               0x20000254   Data          12  main.o(.data)
    page0_str1                               0x20000260   Data           7  main.o(.data)
    page0_str2                               0x20000267   Data           7  main.o(.data)
    page0_str3                               0x2000026e   Data           5  main.o(.data)
    page0_str4                               0x20000273   Data           5  main.o(.data)
    page1_str                                0x20000278   Data           5  main.o(.data)
    page2_str                                0x2000027d   Data           5  main.o(.data)
    page3_str                                0x20000282   Data           3  main.o(.data)
    page4_str                                0x20000285   Data           3  main.o(.data)
    sendwificnt                              0x20000288   Data           1  main.o(.data)
    zb                                       0x20000289   Data           4  main.o(.data)
    gm                                       0x2000028d   Data           1  main.o(.data)
    renshu                                   0x2000028e   Data           1  main.o(.data)
    ina                                      0x2000028f   Data           1  main.o(.data)
    outa                                     0x20000290   Data           1  main.o(.data)
    tia                                      0x20000291   Data           1  main.o(.data)
    mq135                                    0x20000292   Data           1  main.o(.data)
    mq2                                      0x20000293   Data           1  main.o(.data)
    ds18b20output_addr                       0x20000294   Data           4  main.o(.data)
    ds18b20input_addr                        0x20000298   Data           4  main.o(.data)
    ds18b20_bit                              0x2000029c   Data           1  main.o(.data)
    ds18b20temp                              0x2000029d   Data           1  main.o(.data)
    fkag                                     0x2000029e   Data           1  main.o(.data)
    old                                      0x200002a0   Data           2  main.o(.data)
    cn1                                      0x200002a2   Data           1  main.o(.data)
    Uart_Rx1                                 0x200002ac   Data         280  main.o(.bss)
    Uart_Rx2                                 0x200003c4   Data         280  main.o(.bss)
    Uart_Rx3                                 0x200004dc   Data         280  main.o(.bss)
    dat11                                    0x200005f4   Data         120  main.o(.bss)
    sys                                      0x2000066c   Data          40  main.o(.bss)
    Uart_Rx4                                 0x20000694   Data         100  main.o(.bss)
    Uart_Rx5                                 0x200006f8   Data         100  main.o(.bss)
    OLED_GRAM                                0x2000075c   Data        1152  main.o(.bss)
    daaz                                     0x20000bdc   Data          10  main.o(.bss)
    datw                                     0x20000be6   Data         200  main.o(.bss)
    STMFLASH_BUF                             0x20000cae   Data        1024  stmflash.o(.bss)
    __initial_sp                             0x200014b0   Data           0  stm32f10x_vector.o(STACK)



==============================================================================

Memory Map of the image

  Image Entry point : 0x08000131

  Load Region LR_IROM1 (Base: 0x08000000, Size: 0x00005f64, Max: 0x00010000, ABSOLUTE, COMPRESSED[0x00005d3c])

    Execution Region ER_IROM1 (Base: 0x08000000, Size: 0x00005cb8, Max: 0x00010000, ABSOLUTE)

    Base Addr    Size         Type   Attr      Idx    E Section Name        Object

    0x08000000   0x00000130   Data   RO            8    RESET               stm32f10x_vector.o
    0x08000130   0x00000000   Code   RO         3183  * .ARM.Collect$$$$00000000  mc_w.l(entry.o)
    0x08000130   0x00000004   Code   RO         3204    .ARM.Collect$$$$00000001  mc_w.l(entry2.o)
    0x08000134   0x00000004   Code   RO         3207    .ARM.Collect$$$$00000004  mc_w.l(entry5.o)
    0x08000138   0x00000000   Code   RO         3209    .ARM.Collect$$$$00000008  mc_w.l(entry7b.o)
    0x08000138   0x00000000   Code   RO         3211    .ARM.Collect$$$$0000000A  mc_w.l(entry8b.o)
    0x08000138   0x00000008   Code   RO         3212    .ARM.Collect$$$$0000000B  mc_w.l(entry9a.o)
    0x08000140   0x00000000   Code   RO         3214    .ARM.Collect$$$$0000000D  mc_w.l(entry10a.o)
    0x08000140   0x00000000   Code   RO         3216    .ARM.Collect$$$$0000000F  mc_w.l(entry11a.o)
    0x08000140   0x00000004   Code   RO         3205    .ARM.Collect$$$$00002712  mc_w.l(entry2.o)
    0x08000144   0x00000008   Code   RO            9    .text               stm32f10x_vector.o
    0x0800014c   0x00000024   Code   RO         3186    .text               mc_w.l(strstr.o)
    0x08000170   0x0000000e   Code   RO         3188    .text               mc_w.l(strlen.o)
    0x0800017e   0x000000e4   Code   RO         3190    .text               mf_w.l(dmul.o)
    0x08000262   0x000000de   Code   RO         3192    .text               mf_w.l(ddiv.o)
    0x08000340   0x00000012   Code   RO         3194    .text               mf_w.l(fflti.o)
    0x08000352   0x0000001a   Code   RO         3196    .text               mf_w.l(dfltui.o)
    0x0800036c   0x0000003e   Code   RO         3198    .text               mf_w.l(dfixi.o)
    0x080003aa   0x00000032   Code   RO         3200    .text               mf_w.l(dfixui.o)
    0x080003dc   0x00000026   Code   RO         3202    .text               mf_w.l(f2d.o)
    0x08000402   0x00000020   Code   RO         3218    .text               mc_w.l(llushr.o)
    0x08000422   0x00000000   Code   RO         3220    .text               mc_w.l(iusefp.o)
    0x08000422   0x0000006e   Code   RO         3221    .text               mf_w.l(fepilogue.o)
    0x08000490   0x000000ba   Code   RO         3223    .text               mf_w.l(depilogue.o)
    0x0800054a   0x00000002   PAD
    0x0800054c   0x00000024   Code   RO         3225    .text               mc_w.l(init.o)
    0x08000570   0x0000001e   Code   RO         3227    .text               mc_w.l(llshl.o)
    0x0800058e   0x00000056   Code   RO         3237    .text               mc_w.l(__dczerorl2.o)
    0x080005e4   0x00000002   Code   RO           13    i.ADC1_2_IRQHandler  stm32f10x_it.o
    0x080005e6   0x00000002   Code   RO           14    i.ADC3_IRQHandler   stm32f10x_it.o
    0x080005e8   0x00000016   Code   RO         2552    i.ADC_Cmd           stm32f10x_adc.o
    0x080005fe   0x00000002   PAD
    0x08000600   0x00000060   Code   RO         2554    i.ADC_DeInit        stm32f10x_adc.o
    0x08000660   0x00000014   Code   RO         2560    i.ADC_GetCalibrationStatus  stm32f10x_adc.o
    0x08000674   0x00000008   Code   RO         2561    i.ADC_GetConversionValue  stm32f10x_adc.o
    0x0800067c   0x00000012   Code   RO         2563    i.ADC_GetFlagStatus  stm32f10x_adc.o
    0x0800068e   0x00000014   Code   RO         2566    i.ADC_GetResetCalibrationStatus  stm32f10x_adc.o
    0x080006a2   0x00000002   PAD
    0x080006a4   0x00000050   Code   RO         2570    i.ADC_Init          stm32f10x_adc.o
    0x080006f4   0x000000b8   Code   RO         2574    i.ADC_RegularChannelConfig  stm32f10x_adc.o
    0x080007ac   0x0000000a   Code   RO         2575    i.ADC_ResetCalibration  stm32f10x_adc.o
    0x080007b6   0x00000016   Code   RO         2577    i.ADC_SoftwareStartConvCmd  stm32f10x_adc.o
    0x080007cc   0x0000000a   Code   RO         2579    i.ADC_StartCalibration  stm32f10x_adc.o
    0x080007d6   0x00000002   PAD
    0x080007d8   0x0000000c   Code   RO         2869    i.BKP_ITConfig      stm32f10x_bkp.o
    0x080007e4   0x0000000c   Code   RO         2873    i.BKP_TamperPinCmd  stm32f10x_bkp.o
    0x080007f0   0x00000004   Code   RO           15    i.BusFaultException  stm32f10x_it.o
    0x080007f4   0x00000002   Code   RO           16    i.CAN_RX1_IRQHandler  stm32f10x_it.o
    0x080007f6   0x00000002   Code   RO           17    i.CAN_SCE_IRQHandler  stm32f10x_it.o
    0x080007f8   0x00000002   Code   RO           18    i.DMA1_Channel1_IRQHandler  stm32f10x_it.o
    0x080007fa   0x00000002   Code   RO           19    i.DMA1_Channel2_IRQHandler  stm32f10x_it.o
    0x080007fc   0x00000002   Code   RO           20    i.DMA1_Channel3_IRQHandler  stm32f10x_it.o
    0x080007fe   0x00000002   Code   RO           21    i.DMA1_Channel4_IRQHandler  stm32f10x_it.o
    0x08000800   0x00000002   Code   RO           22    i.DMA1_Channel5_IRQHandler  stm32f10x_it.o
    0x08000802   0x00000002   Code   RO           23    i.DMA1_Channel6_IRQHandler  stm32f10x_it.o
    0x08000804   0x00000002   Code   RO           24    i.DMA1_Channel7_IRQHandler  stm32f10x_it.o
    0x08000806   0x00000002   Code   RO           25    i.DMA2_Channel1_IRQHandler  stm32f10x_it.o
    0x08000808   0x00000002   Code   RO           26    i.DMA2_Channel2_IRQHandler  stm32f10x_it.o
    0x0800080a   0x00000002   Code   RO           27    i.DMA2_Channel3_IRQHandler  stm32f10x_it.o
    0x0800080c   0x00000002   Code   RO           28    i.DMA2_Channel4_5_IRQHandler  stm32f10x_it.o
    0x0800080e   0x00000002   PAD
    0x08000810   0x0000008c   Code   RO          452    i.DS18B20_Check     main.o
    0x0800089c   0x00000140   Code   RO          453    i.DS18B20_GetTemp   main.o
    0x080009dc   0x00000054   Code   RO          454    i.DS18B20_IO_IN     main.o
    0x08000a30   0x00000054   Code   RO          455    i.DS18B20_IO_OUT    main.o
    0x08000a84   0x0000000c   Code   RO          456    i.DS18B20_Init      main.o
    0x08000a90   0x00000098   Code   RO          457    i.DS18B20_Read_Bit  main.o
    0x08000b28   0x00000022   Code   RO          458    i.DS18B20_Read_Byte  main.o
    0x08000b4a   0x00000002   PAD
    0x08000b4c   0x00000064   Code   RO          459    i.DS18B20_Rst       main.o
    0x08000bb0   0x00000018   Code   RO          460    i.DS18B20_Start     main.o
    0x08000bc8   0x000000c8   Code   RO          461    i.DS18B20_Write_Byte  main.o
    0x08000c90   0x00000002   Code   RO           29    i.DebugMonitor      stm32f10x_it.o
    0x08000c92   0x00000002   Code   RO           30    i.EXTI0_IRQHandler  stm32f10x_it.o
    0x08000c94   0x00000002   Code   RO           31    i.EXTI15_10_IRQHandler  stm32f10x_it.o
    0x08000c96   0x00000002   PAD
    0x08000c98   0x00000044   Code   RO          463    i.EXTI1_IRQHandler  main.o
    0x08000cdc   0x00000002   Code   RO           32    i.EXTI2_IRQHandler  stm32f10x_it.o
    0x08000cde   0x00000002   Code   RO           33    i.EXTI3_IRQHandler  stm32f10x_it.o
    0x08000ce0   0x00000002   Code   RO           34    i.EXTI4_IRQHandler  stm32f10x_it.o
    0x08000ce2   0x00000002   PAD
    0x08000ce4   0x00000044   Code   RO          464    i.EXTI9_5_IRQHandler  main.o
    0x08000d28   0x0000000c   Code   RO         3009    i.EXTI_ClearITPendingBit  stm32f10x_exti.o
    0x08000d34   0x00000028   Code   RO         3013    i.EXTI_GetITStatus  stm32f10x_exti.o
    0x08000d5c   0x000000b8   Code   RO         3014    i.EXTI_Init         stm32f10x_exti.o
    0x08000e14   0x00000098   Code   RO          465    i.Exit_Init         main.o
    0x08000eac   0x00000002   Code   RO           35    i.FLASH_IRQHandler  stm32f10x_it.o
    0x08000eae   0x00000002   PAD
    0x08000eb0   0x0000001c   Code   RO         1249    i.FLASH_PrefetchBufferCmd  stm32f10x_flash.o
    0x08000ecc   0x0000001c   Code   RO         1250    i.FLASH_SetLatency  stm32f10x_flash.o
    0x08000ee8   0x00000002   Code   RO           36    i.FSMC_IRQHandler   stm32f10x_it.o
    0x08000eea   0x00000002   PAD
    0x08000eec   0x00000084   Code   RO          466    i.GPIOAllInit       main.o
    0x08000f70   0x00000098   Code   RO          467    i.GPIOO_Init        main.o
    0x08001008   0x00000040   Code   RO         1277    i.GPIO_EXTILineConfig  stm32f10x_gpio.o
    0x08001048   0x00000114   Code   RO         1280    i.GPIO_Init         stm32f10x_gpio.o
    0x0800115c   0x00000070   Code   RO         1282    i.GPIO_PinRemapConfig  stm32f10x_gpio.o
    0x080011cc   0x00000004   Code   RO         1287    i.GPIO_ResetBits    stm32f10x_gpio.o
    0x080011d0   0x00000004   Code   RO         1288    i.GPIO_SetBits      stm32f10x_gpio.o
    0x080011d4   0x00000004   Code   RO         1290    i.GPIO_Write        stm32f10x_gpio.o
    0x080011d8   0x000000dc   Code   RO          468    i.GetADCResult      main.o
    0x080012b4   0x00000028   Code   RO          469    i.GetGpioPinNumber  main.o
    0x080012dc   0x00000028   Code   RO          470    i.GetGpioPortNumber  main.o
    0x08001304   0x00000044   Code   RO          471    i.GpioInit          main.o
    0x08001348   0x00000004   Code   RO           37    i.HardFaultException  stm32f10x_it.o
    0x0800134c   0x00000002   Code   RO           38    i.I2C1_ER_IRQHandler  stm32f10x_it.o
    0x0800134e   0x00000002   Code   RO           39    i.I2C1_EV_IRQHandler  stm32f10x_it.o
    0x08001350   0x00000002   Code   RO           40    i.I2C2_ER_IRQHandler  stm32f10x_it.o
    0x08001352   0x00000002   Code   RO           41    i.I2C2_EV_IRQHandler  stm32f10x_it.o
    0x08001354   0x0000000a   Code   RO          472    i.IIC_delay         main.o
    0x0800135e   0x00000002   PAD
    0x08001360   0x00000074   Code   RO          473    i.InitADC           main.o
    0x080013d4   0x00000110   Code   RO          474    i.LCDW_Com          main.o
    0x080014e4   0x0000003c   Code   RO          487    i.LCD_Init          main.o
    0x08001520   0x00000004   Code   RO           42    i.MemManageException  stm32f10x_it.o
    0x08001524   0x00000002   Code   RO           43    i.NMIException      stm32f10x_it.o
    0x08001526   0x0000000e   Code   RO          489    i.NVIC_Configuration  main.o
    0x08001534   0x000000a4   Code   RO         1402    i.NVIC_Init         stm32f10x_nvic.o
    0x080015d8   0x00000014   Code   RO         1411    i.NVIC_SetVectorTable  stm32f10x_nvic.o
    0x080015ec   0x00000048   Code   RO          491    i.OLED_2bit         main.o
    0x08001634   0x00000060   Code   RO          493    i.OLED_3bit         main.o
    0x08001694   0x00000064   Code   RO          494    i.OLED_3bit_ph      main.o
    0x080016f8   0x0000007c   Code   RO          495    i.OLED_4bit         main.o
    0x08001774   0x0000008c   Code   RO          496    i.OLED_5bit         main.o
    0x08001800   0x00000030   Code   RO          497    i.OLED_Clear        main.o
    0x08001830   0x0000004c   Code   RO          501    i.OLED_DisStr       main.o
    0x0800187c   0x00000078   Code   RO          506    i.OLED_DrawPoint    main.o
    0x080018f4   0x00000034   Code   RO          507    i.OLED_I2C_Start    main.o
    0x08001928   0x00000024   Code   RO          508    i.OLED_I2C_Stop     main.o
    0x0800194c   0x0000002c   Code   RO          509    i.OLED_I2C_WaitAck  main.o
    0x08001978   0x00000140   Code   RO          510    i.OLED_Init         main.o
    0x08001ab8   0x00000068   Code   RO          512    i.OLED_Refresh      main.o
    0x08001b20   0x0000004c   Code   RO          514    i.OLED_Send_Byte    main.o
    0x08001b6c   0x0000013c   Code   RO          515    i.OLED_ShowChar     main.o
    0x08001ca8   0x0000004a   Code   RO          519    i.OLED_ShowString   main.o
    0x08001cf2   0x00000038   Code   RO          520    i.OLED_WR_Byte      main.o
    0x08001d2a   0x00000002   PAD
    0x08001d2c   0x0000001c   Code   RO          521    i.OLED_str          main.o
    0x08001d48   0x00000002   Code   RO           44    i.PVD_IRQHandler    stm32f10x_it.o
    0x08001d4a   0x00000002   Code   RO           45    i.PendSVC           stm32f10x_it.o
    0x08001d4c   0x00000018   Code   RO         1575    i.RCC_ADCCLKConfig  stm32f10x_rcc.o
    0x08001d64   0x00000020   Code   RO         1577    i.RCC_APB1PeriphClockCmd  stm32f10x_rcc.o
    0x08001d84   0x00000020   Code   RO         1579    i.RCC_APB2PeriphClockCmd  stm32f10x_rcc.o
    0x08001da4   0x00000020   Code   RO         1580    i.RCC_APB2PeriphResetCmd  stm32f10x_rcc.o
    0x08001dc4   0x00000074   Code   RO          522    i.RCC_Configuration  main.o
    0x08001e38   0x0000004c   Code   RO         1586    i.RCC_DeInit        stm32f10x_rcc.o
    0x08001e84   0x000000d4   Code   RO         1587    i.RCC_GetClocksFreq  stm32f10x_rcc.o
    0x08001f58   0x0000003c   Code   RO         1588    i.RCC_GetFlagStatus  stm32f10x_rcc.o
    0x08001f94   0x00000010   Code   RO         1590    i.RCC_GetSYSCLKSource  stm32f10x_rcc.o
    0x08001fa4   0x00000018   Code   RO         1591    i.RCC_HCLKConfig    stm32f10x_rcc.o
    0x08001fbc   0x0000004c   Code   RO         1592    i.RCC_HSEConfig     stm32f10x_rcc.o
    0x08002008   0x00000002   Code   RO           46    i.RCC_IRQHandler    stm32f10x_it.o
    0x0800200a   0x00000002   PAD
    0x0800200c   0x00000018   Code   RO         1598    i.RCC_PCLK1Config   stm32f10x_rcc.o
    0x08002024   0x00000018   Code   RO         1599    i.RCC_PCLK2Config   stm32f10x_rcc.o
    0x0800203c   0x0000000c   Code   RO         1600    i.RCC_PLLCmd        stm32f10x_rcc.o
    0x08002048   0x0000001c   Code   RO         1601    i.RCC_PLLConfig     stm32f10x_rcc.o
    0x08002064   0x00000018   Code   RO         1604    i.RCC_SYSCLKConfig  stm32f10x_rcc.o
    0x0800207c   0x00000048   Code   RO         1606    i.RCC_WaitForHSEStartUp  stm32f10x_rcc.o
    0x080020c4   0x00000002   Code   RO           47    i.RTCAlarm_IRQHandler  stm32f10x_it.o
    0x080020c6   0x00000002   Code   RO           48    i.RTC_IRQHandler    stm32f10x_it.o
    0x080020c8   0x00000002   Code   RO           49    i.SDIO_IRQHandler   stm32f10x_it.o
    0x080020ca   0x00000002   Code   RO           50    i.SPI1_IRQHandler   stm32f10x_it.o
    0x080020cc   0x00000002   Code   RO           51    i.SPI2_IRQHandler   stm32f10x_it.o
    0x080020ce   0x00000002   Code   RO           52    i.SPI3_IRQHandler   stm32f10x_it.o
    0x080020d0   0x0000004c   Code   RO         3065    i.STMFLASH_ErasePage  stmflash.o
    0x0800211c   0x0000002c   Code   RO         3066    i.STMFLASH_GetStatus  stmflash.o
    0x08002148   0x00000014   Code   RO         3067    i.STMFLASH_Lock     stmflash.o
    0x0800215c   0x00000022   Code   RO         3068    i.STMFLASH_Read     stmflash.o
    0x0800217e   0x00000006   Code   RO         3069    i.STMFLASH_ReadHalfWord  stmflash.o
    0x08002184   0x00000018   Code   RO         3070    i.STMFLASH_Unlock   stmflash.o
    0x0800219c   0x00000038   Code   RO         3071    i.STMFLASH_WaitDone  stmflash.o
    0x080021d4   0x000000e8   Code   RO         3072    i.STMFLASH_Write    stmflash.o
    0x080022bc   0x00000040   Code   RO         3073    i.STMFLASH_WriteHalfWord  stmflash.o
    0x080022fc   0x00000022   Code   RO         3074    i.STMFLASH_Write_NoCheck  stmflash.o
    0x0800231e   0x00000002   Code   RO           53    i.SVCHandler        stm32f10x_it.o
    0x08002320   0x00000018   Code   RO         3075    i.SysRead           stmflash.o
    0x08002338   0x00000018   Code   RO         3076    i.SysSave           stmflash.o
    0x08002350   0x00000002   Code   RO           54    i.SysTickHandler    stm32f10x_it.o
    0x08002352   0x00000002   Code   RO           55    i.TAMPER_IRQHandler  stm32f10x_it.o
    0x08002354   0x00000002   Code   RO           56    i.TIM1_BRK_IRQHandler  stm32f10x_it.o
    0x08002356   0x00000002   Code   RO           57    i.TIM1_CC_IRQHandler  stm32f10x_it.o
    0x08002358   0x00000002   Code   RO           58    i.TIM1_TRG_COM_IRQHandler  stm32f10x_it.o
    0x0800235a   0x00000002   PAD
    0x0800235c   0x0000003c   Code   RO          524    i.TIM1_UP_IRQHandler  main.o
    0x08002398   0x00000044   Code   RO          525    i.TIM1_XinInit      main.o
    0x080023dc   0x00000002   Code   RO           59    i.TIM2_IRQHandler   stm32f10x_it.o
    0x080023de   0x00000002   Code   RO           60    i.TIM3_IRQHandler   stm32f10x_it.o
    0x080023e0   0x00000002   Code   RO           61    i.TIM4_IRQHandler   stm32f10x_it.o
    0x080023e2   0x00000002   Code   RO           62    i.TIM5_IRQHandler   stm32f10x_it.o
    0x080023e4   0x00000002   Code   RO           63    i.TIM6_IRQHandler   stm32f10x_it.o
    0x080023e6   0x00000002   Code   RO           64    i.TIM7_IRQHandler   stm32f10x_it.o
    0x080023e8   0x00000002   Code   RO           65    i.TIM8_BRK_IRQHandler  stm32f10x_it.o
    0x080023ea   0x00000002   Code   RO           66    i.TIM8_CC_IRQHandler  stm32f10x_it.o
    0x080023ec   0x00000002   Code   RO           67    i.TIM8_TRG_COM_IRQHandler  stm32f10x_it.o
    0x080023ee   0x00000002   Code   RO           68    i.TIM8_UP_IRQHandler  stm32f10x_it.o
    0x080023f0   0x00000006   Code   RO         1790    i.TIM_ClearITPendingBit  stm32f10x_tim.o
    0x080023f6   0x00000018   Code   RO         1795    i.TIM_Cmd           stm32f10x_tim.o
    0x0800240e   0x00000022   Code   RO         1816    i.TIM_GetITStatus   stm32f10x_tim.o
    0x08002430   0x00000012   Code   RO         1820    i.TIM_ITConfig      stm32f10x_tim.o
    0x08002442   0x00000002   PAD
    0x08002444   0x0000003c   Code   RO         1866    i.TIM_TimeBaseInit  stm32f10x_tim.o
    0x08002480   0x00000078   Code   RO          526    i.Tim1_Init         main.o
    0x080024f8   0x00000030   Code   RO          527    i.UART4_INIT        main.o
    0x08002528   0x00000002   Code   RO           69    i.UART4_IRQHandler  stm32f10x_it.o
    0x0800252a   0x00000002   Code   RO           70    i.UART5_IRQHandler  stm32f10x_it.o
    0x0800252c   0x000001fc   Code   RO          529    i.UARTT_Init        main.o
    0x08002728   0x000000a0   Code   RO          530    i.USART1_IRQHandler  main.o
    0x080027c8   0x000000a0   Code   RO          531    i.USART2_IRQHandler  main.o
    0x08002868   0x000000a0   Code   RO          532    i.USART3_IRQHandler  main.o
    0x08002908   0x00000014   Code   RO         2376    i.USART_ClearITPendingBit  stm32f10x_usart.o
    0x0800291c   0x00000022   Code   RO         2377    i.USART_ClockInit   stm32f10x_usart.o
    0x0800293e   0x00000018   Code   RO         2379    i.USART_Cmd         stm32f10x_usart.o
    0x08002956   0x00000012   Code   RO         2382    i.USART_GetFlagStatus  stm32f10x_usart.o
    0x08002968   0x0000004c   Code   RO         2383    i.USART_GetITStatus  stm32f10x_usart.o
    0x080029b4   0x00000040   Code   RO         2385    i.USART_ITConfig    stm32f10x_usart.o
    0x080029f4   0x0000009c   Code   RO         2386    i.USART_Init        stm32f10x_usart.o
    0x08002a90   0x00000008   Code   RO         2394    i.USART_SendData    stm32f10x_usart.o
    0x08002a98   0x00000002   Code   RO           71    i.USBWakeUp_IRQHandler  stm32f10x_it.o
    0x08002a9a   0x00000002   Code   RO           72    i.USB_HP_CAN_TX_IRQHandler  stm32f10x_it.o
    0x08002a9c   0x00000002   Code   RO           73    i.USB_LP_CAN_RX0_IRQHandler  stm32f10x_it.o
    0x08002a9e   0x00000004   Code   RO           74    i.UsageFaultException  stm32f10x_it.o
    0x08002aa2   0x00000002   Code   RO           75    i.WWDG_IRQHandler   stm32f10x_it.o
    0x08002aa4   0x0000000e   Code   RO         3231    i.__scatterload_copy  mc_w.l(handlers.o)
    0x08002ab2   0x00000002   Code   RO         3232    i.__scatterload_null  mc_w.l(handlers.o)
    0x08002ab4   0x0000000e   Code   RO         3233    i.__scatterload_zeroinit  mc_w.l(handlers.o)
    0x08002ac2   0x00000002   PAD
    0x08002ac4   0x00000038   Code   RO          535    i.delay_init        main.o
    0x08002afc   0x0000003c   Code   RO          536    i.delay_ms          main.o
    0x08002b38   0x0000003c   Code   RO          537    i.delay_us          main.o
    0x08002b74   0x0000000c   Code   RO          538    i.delayms           main.o
    0x08002b80   0x000001ac   Code   RO          541    i.duoji             main.o
    0x08002d2c   0x00000058   Code   RO          544    i.ior               main.o
    0x08002d84   0x0000005c   Code   RO          545    i.iow               main.o
    0x08002de0   0x00000034   Code   RO          546    i.iow_qufan         main.o
    0x08002e14   0x0000004c   Code   RO          547    i.iow_r             main.o
    0x08002e60   0x000004d8   Code   RO          550    i.main              main.o
    0x08003338   0x000002dc   Code   RO          552    i.morepage_oled     main.o
    0x08003614   0x000000d4   Code   RO          554    i.renshu1           main.o
    0x080036e8   0x00000098   Code   RO          555    i.sendchar          main.o
    0x08003780   0x00000074   Code   RO          556    i.sendchar4         main.o
    0x080037f4   0x00000074   Code   RO          557    i.sendchar5         main.o
    0x08003868   0x0000001a   Code   RO          558    i.sendstr           main.o
    0x08003882   0x00000002   PAD
    0x08003884   0x000000e8   Code   RO          559    i.set               main.o
    0x0800396c   0x000001a2   Code   RO          560    i.strtohex          main.o
    0x08003b0e   0x00000002   PAD
    0x08003b10   0x00000124   Code   RO          561    i.uart_xuni         main.o
    0x08003c34   0x000000b0   Code   RO          562    i.uartinitirq       main.o
    0x08003ce4   0x000000b4   Code   RO          571    i.wifi_end          main.o
    0x08003d98   0x000000ec   Code   RO          572    i.wifi_sendnum      main.o
    0x08003e84   0x0000000c   Code   RO          574    i.wifi_start        main.o
    0x08003e90   0x00001df4   Data   RO          576    .constdata          main.o
    0x08005c84   0x00000014   Data   RO         1607    .constdata          stm32f10x_rcc.o
    0x08005c98   0x00000020   Data   RO         3229    Region$$Table       anon$$obj.o


    Execution Region RW_IRAM1 (Base: 0x20000000, Size: 0x000014b0, Max: 0x00005000, ABSOLUTE, COMPRESSED[0x00000084])

    Base Addr    Size         Type   Attr      Idx    E Section Name        Object

    0x20000000   0x000002a3   Data   RW          577    .data               main.o
    0x200002a3   0x00000001   PAD
    0x200002a4   0x00000008   Data   RW         1608    .data               stm32f10x_rcc.o
    0x200002ac   0x00000a02   Zero   RW          575    .bss                main.o
    0x20000cae   0x00000400   Zero   RW         3078    .bss                stmflash.o
    0x200010ae   0x00000002   PAD
    0x200010b0   0x00000400   Zero   RW            6    STACK               stm32f10x_vector.o


==============================================================================

Image component sizes


      Code (inc. data)   RO Data    RW Data    ZI Data      Debug   Object Name

         0          0          0          0          0         32   cortexm3_macro.o
     10908       1044       7668        675       2562      49918   main.o
       490         16          0          0          0      16430   stm32f10x_adc.o
        24         12          0          0          0        918   stm32f10x_bkp.o
       236         22          0          0          0       3880   stm32f10x_exti.o
        56         12          0          0          0        969   stm32f10x_flash.o
       464         10          0          0          0      10781   stm32f10x_gpio.o
       134          0          0          0          0     100631   stm32f10x_it.o
       184         22          0          0          0       9306   stm32f10x_nvic.o
       768        116         20          8          0      18470   stm32f10x_rcc.o
       142         10          0          0          0      27338   stm32f10x_tim.o
       400          6          0          0          0      12557   stm32f10x_usart.o
         8          4        304          0       1024        340   stm32f10x_vector.o
       638         64          0          0       1024       7972   stmflash.o

    ----------------------------------------------------------------------
     14484       1338       8024        684       4612     259542   Object Totals
         0          0         32          0          0          0   (incl. Generated)
        32          0          0          1          2          0   (incl. Padding)

    ----------------------------------------------------------------------

      Code (inc. data)   RO Data    RW Data    ZI Data      Debug   Library Member Name

        86          0          0          0          0          0   __dczerorl2.o
         0          0          0          0          0          0   entry.o
         0          0          0          0          0          0   entry10a.o
         0          0          0          0          0          0   entry11a.o
         8          4          0          0          0          0   entry2.o
         4          0          0          0          0          0   entry5.o
         0          0          0          0          0          0   entry7b.o
         0          0          0          0          0          0   entry8b.o
         8          4          0          0          0          0   entry9a.o
        30          0          0          0          0          0   handlers.o
        36          8          0          0          0         68   init.o
         0          0          0          0          0          0   iusefp.o
        30          0          0          0          0         68   llshl.o
        32          0          0          0          0         68   llushr.o
        14          0          0          0          0         68   strlen.o
        36          0          0          0          0         80   strstr.o
       222          0          0          0          0        100   ddiv.o
       186          0          0          0          0        176   depilogue.o
        62          0          0          0          0         80   dfixi.o
        50          0          0          0          0         76   dfixui.o
        26          0          0          0          0         76   dfltui.o
       228          0          0          0          0         96   dmul.o
        38          0          0          0          0         68   f2d.o
       110          0          0          0          0        168   fepilogue.o
        18          0          0          0          0         68   fflti.o

    ----------------------------------------------------------------------
      1228         16          0          0          0       1260   Library Totals
         4          0          0          0          0          0   (incl. Padding)

    ----------------------------------------------------------------------

      Code (inc. data)   RO Data    RW Data    ZI Data      Debug   Library Name

       284         16          0          0          0        352   mc_w.l
       940          0          0          0          0        908   mf_w.l

    ----------------------------------------------------------------------
      1228         16          0          0          0       1260   Library Totals

    ----------------------------------------------------------------------

==============================================================================


      Code (inc. data)   RO Data    RW Data    ZI Data      Debug   

     15712       1354       8024        684       4612     250062   Grand Totals
     15712       1354       8024        132       4612     250062   ELF Image Totals (compressed)
     15712       1354       8024        132          0          0   ROM Totals

==============================================================================

    Total RO  Size (Code + RO Data)                23736 (  23.18kB)
    Total RW  Size (RW Data + ZI Data)              5296 (   5.17kB)
    Total ROM Size (Code + RO Data + RW Data)      23868 (  23.31kB)

==============================================================================

